../Core/Src/main.c:120:7:map	32	static
../Core/Src/main.c:126:6:HAL_CAN_RxFifo1MsgPendingCallback	24	static
../Core/Src/main.c:184:6:servo_rotation	24	static
../Core/Src/main.c:197:6:pick_up	16	static
../Core/Src/main.c:224:6:ring_falling	8	static
../Core/Src/main.c:230:6:ring_back	8	static
../Core/Src/main.c:235:6:ring_stop_falling	8	static
../Core/Src/main.c:240:6:open_pickup	8	static
../Core/Src/main.c:246:6:close_pickup	8	static
../Core/Src/main.c:252:6:fall1_function	8	static
../Core/Src/main.c:271:6:fall1_5_function	8	static
../Core/Src/main.c:290:6:fall2_function	8	static
../Core/Src/main.c:312:6:fall2_5_function	8	static
../Core/Src/main.c:334:6:shooter1_function	16	static
../Core/Src/main.c:349:6:shooter2_function	16	static
../Core/Src/main.c:364:6:shooter2_5_function	16	static
../Core/Src/main.c:384:10:encoder	16	static
../Core/Src/main.c:448:7:Motors_RPS	32	static
../Core/Src/main.c:498:5:main	8	static
../Core/Src/main.c:637:6:SystemClock_Config	72	static
../Core/Src/main.c:673:6:HAL_GPIO_EXTI_Callback	16	static
../Core/Src/main.c:688:6:HAL_TIM_PeriodElapsedCallback	40	static
../Core/Src/main.c:767:6:Error_Handler	4	static,ignoring_inline_asm
