Archive member included to satisfy reference by file (symbol)

/opt/st/stm32cubeide_1.10.1/plugins/com.st.stm32cube.ide.mcu.externaltools.gnu-tools-for-stm32.10.3-2021.10.linux64_1.0.0.202111181127/tools/bin/../lib/gcc/arm-none-eabi/10.3.1/../../../../arm-none-eabi/lib/thumb/v7-m/nofp/libc_nano.a(lib_a-errno.o)
                              ./Core/Src/syscalls.o (__errno)
/opt/st/stm32cubeide_1.10.1/plugins/com.st.stm32cube.ide.mcu.externaltools.gnu-tools-for-stm32.10.3-2021.10.linux64_1.0.0.202111181127/tools/bin/../lib/gcc/arm-none-eabi/10.3.1/../../../../arm-none-eabi/lib/thumb/v7-m/nofp/libc_nano.a(lib_a-exit.o)
                              /opt/st/stm32cubeide_1.10.1/plugins/com.st.stm32cube.ide.mcu.externaltools.gnu-tools-for-stm32.10.3-2021.10.linux64_1.0.0.202111181127/tools/bin/../lib/gcc/arm-none-eabi/10.3.1/../../../../arm-none-eabi/lib/thumb/v7-m/nofp/crt0.o (exit)
/opt/st/stm32cubeide_1.10.1/plugins/com.st.stm32cube.ide.mcu.externaltools.gnu-tools-for-stm32.10.3-2021.10.linux64_1.0.0.202111181127/tools/bin/../lib/gcc/arm-none-eabi/10.3.1/../../../../arm-none-eabi/lib/thumb/v7-m/nofp/libc_nano.a(lib_a-impure.o)
                              /opt/st/stm32cubeide_1.10.1/plugins/com.st.stm32cube.ide.mcu.externaltools.gnu-tools-for-stm32.10.3-2021.10.linux64_1.0.0.202111181127/tools/bin/../lib/gcc/arm-none-eabi/10.3.1/../../../../arm-none-eabi/lib/thumb/v7-m/nofp/libc_nano.a(lib_a-exit.o) (_global_impure_ptr)
/opt/st/stm32cubeide_1.10.1/plugins/com.st.stm32cube.ide.mcu.externaltools.gnu-tools-for-stm32.10.3-2021.10.linux64_1.0.0.202111181127/tools/bin/../lib/gcc/arm-none-eabi/10.3.1/../../../../arm-none-eabi/lib/thumb/v7-m/nofp/libc_nano.a(lib_a-init.o)
                              /opt/st/stm32cubeide_1.10.1/plugins/com.st.stm32cube.ide.mcu.externaltools.gnu-tools-for-stm32.10.3-2021.10.linux64_1.0.0.202111181127/tools/bin/../lib/gcc/arm-none-eabi/10.3.1/../../../../arm-none-eabi/lib/thumb/v7-m/nofp/crt0.o (__libc_init_array)
/opt/st/stm32cubeide_1.10.1/plugins/com.st.stm32cube.ide.mcu.externaltools.gnu-tools-for-stm32.10.3-2021.10.linux64_1.0.0.202111181127/tools/bin/../lib/gcc/arm-none-eabi/10.3.1/../../../../arm-none-eabi/lib/thumb/v7-m/nofp/libc_nano.a(lib_a-memset.o)
                              /opt/st/stm32cubeide_1.10.1/plugins/com.st.stm32cube.ide.mcu.externaltools.gnu-tools-for-stm32.10.3-2021.10.linux64_1.0.0.202111181127/tools/bin/../lib/gcc/arm-none-eabi/10.3.1/../../../../arm-none-eabi/lib/thumb/v7-m/nofp/crt0.o (memset)
/opt/st/stm32cubeide_1.10.1/plugins/com.st.stm32cube.ide.mcu.externaltools.gnu-tools-for-stm32.10.3-2021.10.linux64_1.0.0.202111181127/tools/bin/../lib/gcc/arm-none-eabi/10.3.1/../../../../arm-none-eabi/lib/thumb/v7-m/nofp/libm.a(lib_a-s_floor.o)
                              ./Core/Src/pca9685.o (floor)
/opt/st/stm32cubeide_1.10.1/plugins/com.st.stm32cube.ide.mcu.externaltools.gnu-tools-for-stm32.10.3-2021.10.linux64_1.0.0.202111181127/tools/bin/../lib/gcc/arm-none-eabi/10.3.1/../../../../arm-none-eabi/lib/thumb/v7-m/nofp/libm.a(lib_a-s_round.o)
                              ./Core/Src/main.o (round)
/opt/st/stm32cubeide_1.10.1/plugins/com.st.stm32cube.ide.mcu.externaltools.gnu-tools-for-stm32.10.3-2021.10.linux64_1.0.0.202111181127/tools/bin/../lib/gcc/arm-none-eabi/10.3.1/thumb/v7-m/nofp/libgcc.a(_arm_muldf3.o)
                              ./Core/Src/main.o (__aeabi_dmul)
/opt/st/stm32cubeide_1.10.1/plugins/com.st.stm32cube.ide.mcu.externaltools.gnu-tools-for-stm32.10.3-2021.10.linux64_1.0.0.202111181127/tools/bin/../lib/gcc/arm-none-eabi/10.3.1/thumb/v7-m/nofp/libgcc.a(_arm_mulsf3.o)
                              ./Core/Src/PID.o (__aeabi_fmul)
/opt/st/stm32cubeide_1.10.1/plugins/com.st.stm32cube.ide.mcu.externaltools.gnu-tools-for-stm32.10.3-2021.10.linux64_1.0.0.202111181127/tools/bin/../lib/gcc/arm-none-eabi/10.3.1/thumb/v7-m/nofp/libgcc.a(_arm_addsubdf3.o)
                              ./Core/Src/pca9685.o (__aeabi_dsub)
/opt/st/stm32cubeide_1.10.1/plugins/com.st.stm32cube.ide.mcu.externaltools.gnu-tools-for-stm32.10.3-2021.10.linux64_1.0.0.202111181127/tools/bin/../lib/gcc/arm-none-eabi/10.3.1/thumb/v7-m/nofp/libgcc.a(_arm_muldivdf3.o)
                              ./Core/Src/pca9685.o (__aeabi_ddiv)
/opt/st/stm32cubeide_1.10.1/plugins/com.st.stm32cube.ide.mcu.externaltools.gnu-tools-for-stm32.10.3-2021.10.linux64_1.0.0.202111181127/tools/bin/../lib/gcc/arm-none-eabi/10.3.1/thumb/v7-m/nofp/libgcc.a(_arm_cmpdf2.o)
                              /opt/st/stm32cubeide_1.10.1/plugins/com.st.stm32cube.ide.mcu.externaltools.gnu-tools-for-stm32.10.3-2021.10.linux64_1.0.0.202111181127/tools/bin/../lib/gcc/arm-none-eabi/10.3.1/../../../../arm-none-eabi/lib/thumb/v7-m/nofp/libm.a(lib_a-s_floor.o) (__aeabi_dcmpgt)
/opt/st/stm32cubeide_1.10.1/plugins/com.st.stm32cube.ide.mcu.externaltools.gnu-tools-for-stm32.10.3-2021.10.linux64_1.0.0.202111181127/tools/bin/../lib/gcc/arm-none-eabi/10.3.1/thumb/v7-m/nofp/libgcc.a(_arm_fixunsdfsi.o)
[...]
Memory Configuration

Name             Origin             Length             Attributes
RAM              0x0000000020000000 0x0000000000005000 xrw
FLASH            0x0000000008000000 0x0000000000010000 xr
*default*        0x0000000000000000 0xffffffffffffffff

Linker script and memory map

LOAD /opt/st/stm32cubeide_1.10.1/plugins/com.st.stm32cube.ide.mcu.externaltools.gnu-tools-for-stm32.10.3-2021.10.linux64_1.0.0.202111181127/tools/bin/../lib/gcc/arm-none-eabi/10.3.1/thumb/v7-m/nofp/crti.o
LOAD /opt/st/stm32cubeide_1.10.1/plugins/com.st.stm32cube.ide.mcu.externaltools.gnu-tools-for-stm32.10.3-2021.10.linux64_1.0.0.202111181127/tools/bin/../lib/gcc/arm-none-eabi/10.3.1/thumb/v7-m/nofp/crtbegin.o
LOAD /opt/st/stm32cubeide_1.10.1/plugins/com.st.stm32cube.ide.mcu.externaltools.gnu-tools-for-stm32.10.3-2021.10.linux64_1.0.0.202111181127/tools/bin/../lib/gcc/arm-none-eabi/10.3.1/../../../../arm-none-eabi/lib/thumb/v7-m/nofp/crt0.o
LOAD ./Core/Src/PID.o
LOAD ./Core/Src/can.o
LOAD ./Core/Src/gpio.o
LOAD ./Core/Src/i2c.o
LOAD ./Core/Src/main.o
LOAD ./Core/Src/pca9685.o
LOAD ./Core/Src/stm32f1xx_hal_msp.o
LOAD ./Core/Src/stm32f1xx_it.o
LOAD ./Core/Src/syscalls.o
LOAD ./Core/Src/sysmem.o
LOAD ./Core/Src/system_stm32f1xx.o
LOAD ./Core/Src/tim.o
LOAD ./Core/Startup/startup_stm32f103c8tx.o
LOAD ./Drivers/STM32F1xx_HAL_Driver/Src/stm32f1xx_hal.o
LOAD ./Drivers/STM32F1xx_HAL_Driver/Src/stm32f1xx_hal_can.o
LOAD ./Drivers/STM32F1xx_HAL_Driver/Src/stm32f1xx_hal_cortex.o
LOAD ./Drivers/STM32F1xx_HAL_Driver/Src/stm32f1xx_hal_dma.o
LOAD ./Drivers/STM32F1xx_HAL_Driver/Src/stm32f1xx_hal_exti.o
LOAD ./Drivers/STM32F1xx_HAL_Driver/Src/stm32f1xx_hal_flash.o
LOAD ./Drivers/STM32F1xx_HAL_Driver/Src/stm32f1xx_hal_flash_ex.o
LOAD ./Drivers/STM32F1xx_HAL_Driver/Src/stm32f1xx_hal_gpio.o
LOAD ./Drivers/STM32F1xx_HAL_Driver/Src/stm32f1xx_hal_gpio_ex.o
LOAD ./Drivers/STM32F1xx_HAL_Driver/Src/stm32f1xx_hal_i2c.o
LOAD ./Drivers/STM32F1xx_HAL_Driver/Src/stm32f1xx_hal_pwr.o
LOAD ./Drivers/STM32F1xx_HAL_Driver/Src/stm32f1xx_hal_rcc.o
LOAD ./Drivers/STM32F1xx_HAL_Driver/Src/stm32f1xx_hal_rcc_ex.o
LOAD ./Drivers/STM32F1xx_HAL_Driver/Src/stm32f1xx_hal_tim.o
LOAD ./Drivers/STM32F1xx_HAL_Driver/Src/stm32f1xx_hal_tim_ex.o
START GROUP
LOAD /opt/st/stm32cubeide_1.10.1/plugins/com.st.stm32cube.ide.mcu.externaltools.gnu-tools-for-stm32.10.3-2021.10.linux64_1.0.0.202111181127/tools/bin/../lib/gcc/arm-none-eabi/10.3.1/../../../../arm-none-eabi/lib/thumb/v7-m/nofp/libc_nano.a
LOAD /opt/st/stm32cubeide_1.10.1/plugins/com.st.stm32cube.ide.mcu.externaltools.gnu-tools-for-stm32.10.3-2021.10.linux64_1.0.0.202111181127/tools/bin/../lib/gcc/arm-none-eabi/10.3.1/../../../../arm-none-eabi/lib/thumb/v7-m/nofp/libm.a
END GROUP
START GROUP
LOAD /opt/st/stm32cubeide_1.10.1/plugins/com.st.stm32cube.ide.mcu.externaltools.gnu-tools-for-stm32.10.3-2021.10.linux64_1.0.0.202111181127/tools/bin/../lib/gcc/arm-none-eabi/10.3.1/thumb/v7-m/nofp/libgcc.a
LOAD /opt/st/stm32cubeide_1.10.1/plugins/com.st.stm32cube.ide.mcu.externaltools.gnu-tools-for-stm32.10.3-2021.10.linux64_1.0.0.202111181127/tools/bin/../lib/gcc/arm-none-eabi/10.3.1/../../../../arm-none-eabi/lib/thumb/v7-m/nofp/libc_nano.a
END GROUP
START GROUP
LOAD /opt/st/stm32cubeide_1.10.1/plugins/com.st.stm32cube.ide.mcu.externaltools.gnu-tools-for-stm32.10.3-2021.10.linux64_1.0.0.202111181127/tools/bin/../lib/gcc/arm-none-eabi/10.3.1/thumb/v7-m/nofp/libgcc.a
LOAD /opt/st/stm32cubeide_1.10.1/plugins/com.st.stm32cube.ide.mcu.externaltools.gnu-tools-for-stm32.10.3-2021.10.linux64_1.0.0.202111181127/tools/bin/../lib/gcc/arm-none-eabi/10.3.1/../../../../arm-none-eabi/lib/thumb/v7-m/nofp/libc_nano.a
LOAD /opt/st/stm32cubeide_1.10.1/plugins/com.st.stm32cube.ide.mcu.externaltools.gnu-tools-for-stm32.10.3-2021.10.linux64_1.0.0.202111181127/tools/bin/../lib/gcc/arm-none-eabi/10.3.1/../../../../arm-none-eabi/lib/thumb/v7-m/nofp/libnosys.a
END GROUP
START GROUP
LOAD /opt/st/stm32cubeide_1.10.1/plugins/com.st.stm32cube.ide.mcu.externaltools.gnu-tools-for-stm32.10.3-2021.10.linux64_1.0.0.202111181127/tools/bin/../lib/gcc/arm-none-eabi/10.3.1/thumb/v7-m/nofp/libgcc.a
LOAD /opt/st/stm32cubeide_1.10.1/plugins/com.st.stm32cube.ide.mcu.externaltools.gnu-tools-for-stm32.10.3-2021.10.linux64_1.0.0.202111181127/tools/bin/../lib/gcc/arm-none-eabi/10.3.1/../../../../arm-none-eabi/lib/thumb/v7-m/nofp/libc_nano.a
LOAD /opt/st/stm32cubeide_1.10.1/plugins/com.st.stm32cube.ide.mcu.externaltools.gnu-tools-for-stm32.10.3-2021.10.linux64_1.0.0.202111181127/tools/bin/../lib/gcc/arm-none-eabi/10.3.1/../../../../arm-none-eabi/lib/thumb/v7-m/nofp/libnosys.a
END GROUP
LOAD /opt/st/stm32cubeide_1.10.1/plugins/com.st.stm32cube.ide.mcu.externaltools.gnu-tools-for-stm32.10.3-2021.10.linux64_1.0.0.202111181127/tools/bin/../lib/gcc/arm-none-eabi/10.3.1/thumb/v7-m/nofp/crtend.o
LOAD /opt/st/stm32cubeide_1.10.1/plugins/com.st.stm32cube.ide.mcu.externaltools.gnu-tools-for-stm32.10.3-2021.10.linux64_1.0.0.202111181127/tools/bin/../lib/gcc/arm-none-eabi/10.3.1/thumb/v7-m/nofp/crtn.o
                0x0000000020005000                _estack = (ORIGIN (RAM) + LENGTH (RAM))
                0x0000000000000200                _Min_Heap_Size = 0x200
                0x0000000000000400                _Min_Stack_Size = 0x400

.isr_vector     0x0000000008000000      0x10c
                0x0000000008000000                . = ALIGN (0x4)
 *(.isr_vector)
 .isr_vector    0x0000000008000000      0x10c ./Core/Startup/startup_stm32f103c8tx.o
                0x0000000008000000                g_pfnVectors
                0x000000000800010c                . = ALIGN (0x4)

.text           0x0000000008000110     0x6cb0
                0x0000000008000110                . = ALIGN (0x4)
 *(.text)
 .text          0x0000000008000110       0x40 /opt/st/stm32cubeide_1.10.1/plugins/com.st.stm32cube.ide.mcu.externaltools.gnu-tools-for-stm32.10.3-2021.10.linux64_1.0.0.202111181127/tools/bin/../lib/gcc/arm-none-eabi/10.3.1/thumb/v7-m/nofp/crtbegin.o
 .text          0x0000000008000150      0x378 /opt/st/stm32cubeide_1.10.1/plugins/com.st.stm32cube.ide.mcu.externaltools.gnu-tools-for-stm32.10.3-2021.10.linux64_1.0.0.202111181127/tools/bin/../lib/gcc/arm-none-eabi/10.3.1/thumb/v7-m/nofp/libgcc.a(_arm_addsubdf3.o)
                0x0000000008000150                __aeabi_drsub
                0x0000000008000158                __aeabi_dsub
                0x0000000008000158                __subdf3
                0x000000000800015c                __adddf3
                0x000000000800015c                __aeabi_dadd
                0x00000000080003d4                __aeabi_ui2d
                0x00000000080003d4                __floatunsidf
                0x00000000080003f4                __floatsidf
                0x00000000080003f4                __aeabi_i2d
                0x0000000008000418                __extendsfdf2
                0x0000000008000418                __aeabi_f2d
                0x000000000800045c                __aeabi_ul2d
                0x000000000800045c                __floatundidf
                0x000000000800046c                __floatdidf
                0x000000000800046c                __aeabi_l2d
 .text          0x00000000080004c8      0x424 /opt/st/stm32cubeide_1.10.1/plugins/com.st.stm32cube.ide.mcu.externaltools.gnu-tools-for-stm32.10.3-2021.10.linux64_1.0.0.202111181127/tools/bin/../lib/gcc/arm-none-eabi/10.3.1/thumb/v7-m/nofp/libgcc.a(_arm_muldivdf3.o)
                0x00000000080004c8                __aeabi_dmul
                0x00000000080004c8                __muldf3
                0x000000000800071c                __aeabi_ddiv
                0x000000000800071c                __divdf3
 .text          0x00000000080008ec      0x110 /opt/st/stm32cubeide_1.10.1/plugins/com.st.stm32cube.ide.mcu.externaltools.gnu-tools-for-stm32.10.3-2021.10.linux64_1.0.0.202111181127/tools/bin/../lib/gcc/arm-none-eabi/10.3.1/thumb/v7-m/nofp/libgcc.a(_arm_cmpdf2.o)
                0x00000000080008ec                __gtdf2
                0x00000000080008ec                __gedf2
                0x00000000080008f4                __ltdf2
                0x00000000080008f4                __ledf2
                0x00000000080008fc                __cmpdf2
                0x00000000080008fc                __eqdf2
                0x00000000080008fc                __nedf2
                0x0000000008000978                __aeabi_cdrcmple
                0x0000000008000988                __aeabi_cdcmple
                0x0000000008000988                __aeabi_cdcmpeq
                0x0000000008000998                __aeabi_dcmpeq
                0x00000000080009ac                __aeabi_dcmplt
                0x00000000080009c0                __aeabi_dcmple
                0x00000000080009d4                __aeabi_dcmpge
                0x00000000080009e8                __aeabi_dcmpgt
 .text          0x00000000080009fc       0x40 /opt/st/stm32cubeide_1.10.1/plugins/com.st.stm32cube.ide.mcu.externaltools.gnu-tools-for-stm32.10.3-2021.10.linux64_1.0.0.202111181127/tools/bin/../lib/gcc/arm-none-eabi/10.3.1/thumb/v7-m/nofp/libgcc.a(_arm_fixunsdfsi.o)
                0x00000000080009fc                __fixunsdfsi
                0x00000000080009fc                __aeabi_d2uiz
 .text          0x0000000008000a3c       0xa0 /opt/st/stm32cubeide_1.10.1/plugins/com.st.stm32cube.ide.mcu.externaltools.gnu-tools-for-stm32.10.3-2021.10.linux64_1.0.0.202111181127/tools/bin/../lib/gcc/arm-none-eabi/10.3.1/thumb/v7-m/nofp/libgcc.a(_arm_truncdfsf2.o)
                0x0000000008000a3c                __aeabi_d2f
                0x0000000008000a3c                __truncdfsf2
 .text          0x0000000008000adc      0x21c /opt/st/stm32cubeide_1.10.1/plugins/com.st.stm32cube.ide.mcu.externaltools.gnu-tools-for-stm32.10.3-2021.10.linux64_1.0.0.202111181127/tools/bin/../lib/gcc/arm-none-eabi/10.3.1/thumb/v7-m/nofp/libgcc.a(_arm_addsubsf3.o)
                0x0000000008000adc                __aeabi_frsub
                0x0000000008000ae4                __subsf3
                0x0000000008000ae4                __aeabi_fsub
                0x0000000008000ae8                __aeabi_fadd
                0x0000000008000ae8                __addsf3
                0x0000000008000c48                __aeabi_ui2f
                0x0000000008000c48                __floatunsisf
                0x0000000008000c50                __aeabi_i2f
                0x0000000008000c50                __floatsisf
                0x0000000008000c6c                __floatundisf
                0x0000000008000c6c                __aeabi_ul2f
                0x0000000008000c7c                __floatdisf
                0x0000000008000c7c                __aeabi_l2f
 .text          0x0000000008000cf8      0x2a0 /opt/st/stm32cubeide_1.10.1/plugins/com.st.stm32cube.ide.mcu.externaltools.gnu-tools-for-stm32.10.3-2021.10.linux64_1.0.0.202111181127/tools/bin/../lib/gcc/arm-none-eabi/10.3.1/thumb/v7-m/nofp/libgcc.a(_arm_muldivsf3.o)
                0x0000000008000cf8                __mulsf3
                0x0000000008000cf8                __aeabi_fmul
                0x0000000008000e60                __divsf3
                0x0000000008000e60                __aeabi_fdiv
 .text          0x0000000008000f98       0xec /opt/st/stm32cubeide_1.10.1/plugins/com.st.stm32cube.ide.mcu.externaltools.gnu-tools-for-stm32.10.3-2021.10.linux64_1.0.0.202111181127/tools/bin/../lib/gcc/arm-none-eabi/10.3.1/thumb/v7-m/nofp/libgcc.a(_arm_cmpsf2.o)
                0x0000000008000f98                __gtsf2
                0x0000000008000f98                __gesf2
                0x0000000008000fa0                __lesf2
                0x0000000008000fa0                __ltsf2
                0x0000000008000fa8                __nesf2
                0x0000000008000fa8                __eqsf2
                0x0000000008000fa8                __cmpsf2
                0x0000000008001008                __aeabi_cfrcmple
                0x0000000008001010                __aeabi_cfcmple
                0x0000000008001010                __aeabi_cfcmpeq
                0x0000000008001020                __aeabi_fcmpeq
                0x0000000008001034                __aeabi_fcmplt
                0x0000000008001048                __aeabi_fcmple
                0x000000000800105c                __aeabi_fcmpge
                0x0000000008001070                __aeabi_fcmpgt
 .text          0x0000000008001084       0x40 /opt/st/stm32cubeide_1.10.1/plugins/com.st.stm32cube.ide.mcu.externaltools.gnu-tools-for-stm32.10.3-2021.10.linux64_1.0.0.202111181127/tools/bin/../lib/gcc/arm-none-eabi/10.3.1/thumb/v7-m/nofp/libgcc.a(_arm_fixunssfsi.o)
                0x0000000008001084                __aeabi_f2uiz
                0x0000000008001084                __fixunssfsi
 *(.text*)
 .text.PID_Init
                0x00000000080010c4       0x70 ./Core/Src/PID.o
                0x00000000080010c4                PID_Init
 .text.PID      0x0000000008001134      0x25a ./Core/Src/PID.o
                0x0000000008001134                PID
 *fill*         0x000000000800138e        0x2 
 .text.MX_CAN_Init
                0x0000000008001390       0xa4 ./Core/Src/can.o
                0x0000000008001390                MX_CAN_Init
 .text.HAL_CAN_MspInit
                0x0000000008001434       0xa8 ./Core/Src/can.o
                0x0000000008001434                HAL_CAN_MspInit
 .text.MX_GPIO_Init
                0x00000000080014dc      0x150 ./Core/Src/gpio.o
                0x00000000080014dc                MX_GPIO_Init
 .text.MX_I2C2_Init
                0x000000000800162c       0x5c ./Core/Src/i2c.o
                0x000000000800162c                MX_I2C2_Init
 .text.HAL_I2C_MspInit
                0x0000000008001688       0x80 ./Core/Src/i2c.o
                0x0000000008001688                HAL_I2C_MspInit
 .text.map      0x0000000008001708       0x56 ./Core/Src/main.o
                0x0000000008001708                map
 *fill*         0x000000000800175e        0x2 
 .text.HAL_CAN_RxFifo1MsgPendingCallback
                0x0000000008001760      0x17c ./Core/Src/main.o
                0x0000000008001760                HAL_CAN_RxFifo1MsgPendingCallback
 *fill*         0x00000000080018dc        0x4 
 .text.servo_rotation
                0x00000000080018e0       0x88 ./Core/Src/main.o
                0x00000000080018e0                servo_rotation
 .text.pick_up  0x0000000008001968       0x88 ./Core/Src/main.o
                0x0000000008001968                pick_up
 .text.ring_falling
                0x00000000080019f0       0x28 ./Core/Src/main.o
                0x00000000080019f0                ring_falling
 .text.ring_stop_falling
                0x0000000008001a18       0x20 ./Core/Src/main.o
                0x0000000008001a18                ring_stop_falling
 .text.open_pickup
                0x0000000008001a38       0x28 ./Core/Src/main.o
                0x0000000008001a38                open_pickup
 .text.close_pickup
                0x0000000008001a60       0x2c ./Core/Src/main.o
                0x0000000008001a60                close_pickup
 .text.fall1_function
                0x0000000008001a8c       0x5e ./Core/Src/main.o
                0x0000000008001a8c                fall1_function
 .text.fall2_function
                0x0000000008001aea       0x5e ./Core/Src/main.o
                0x0000000008001aea                fall2_function
 .text.fall2_5_function
                0x0000000008001b48       0x5e ./Core/Src/main.o
                0x0000000008001b48                fall2_5_function
 *fill*         0x0000000008001ba6        0x2 
 .text.shooter1_function
                0x0000000008001ba8       0x6c ./Core/Src/main.o
                0x0000000008001ba8                shooter1_function
 .text.shooter2_function
                0x0000000008001c14       0x6c ./Core/Src/main.o
                0x0000000008001c14                shooter2_function
 .text.encoder  0x0000000008001c80      0x1dc ./Core/Src/main.o
                0x0000000008001c80                encoder
 *fill*         0x0000000008001e5c        0x4 
 .text.Motors_RPS
                0x0000000008001e60      0x1fc ./Core/Src/main.o
                0x0000000008001e60                Motors_RPS
 .text.main     0x000000000800205c      0x208 ./Core/Src/main.o
                0x000000000800205c                main
 .text.SystemClock_Config
                0x0000000008002264       0x8a ./Core/Src/main.o
                0x0000000008002264                SystemClock_Config
 *fill*         0x00000000080022ee        0x2 
 .text.HAL_GPIO_EXTI_Callback
                0x00000000080022f0       0x80 ./Core/Src/main.o
                0x00000000080022f0                HAL_GPIO_EXTI_Callback
 .text.HAL_TIM_PeriodElapsedCallback
                0x0000000008002370      0x20c ./Core/Src/main.o
                0x0000000008002370                HAL_TIM_PeriodElapsedCallback
 .text.Error_Handler
                0x000000000800257c        0xa ./Core/Src/main.o
                0x000000000800257c                Error_Handler
 *fill*         0x0000000008002586        0x2 
 .text.PCA9685_SetBit
                0x0000000008002588       0xb4 ./Core/Src/pca9685.o
                0x0000000008002588                PCA9685_SetBit
 .text.PCA9685_SoftwareReset
                0x000000000800263c       0x34 ./Core/Src/pca9685.o
                0x000000000800263c                PCA9685_SoftwareReset
 .text.PCA9685_SleepMode
                0x0000000008002670       0x20 ./Core/Src/pca9685.o
                0x0000000008002670                PCA9685_SleepMode
 .text.PCA9685_RestartMode
                0x0000000008002690       0x20 ./Core/Src/pca9685.o
                0x0000000008002690                PCA9685_RestartMode
 .text.PCA9685_AutoIncrement
                0x00000000080026b0       0x20 ./Core/Src/pca9685.o
                0x00000000080026b0                PCA9685_AutoIncrement
 .text.PCA9685_SetPwmFrequency
                0x00000000080026d0       0xf0 ./Core/Src/pca9685.o
                0x00000000080026d0                PCA9685_SetPwmFrequency
 .text.PCA9685_SetPwm
                0x00000000080027c0       0x74 ./Core/Src/pca9685.o
                0x00000000080027c0                PCA9685_SetPwm
 .text.PCA9685_SetPin
                0x0000000008002834       0xbc ./Core/Src/pca9685.o
                0x0000000008002834                PCA9685_SetPin
 .text.PCA9685_SetServoAngle
                0x00000000080028f0       0xac ./Core/Src/pca9685.o
                0x00000000080028f0                PCA9685_SetServoAngle
 .text.PCA9685_Init
                0x000000000800299c       0x2c ./Core/Src/pca9685.o
                0x000000000800299c                PCA9685_Init
 .text.HAL_MspInit
                0x00000000080029c8       0x64 ./Core/Src/stm32f1xx_hal_msp.o
                0x00000000080029c8                HAL_MspInit
 .text.NMI_Handler
                0x0000000008002a2c        0x6 ./Core/Src/stm32f1xx_it.o
                0x0000000008002a2c                NMI_Handler
 .text.HardFault_Handler
                0x0000000008002a32        0x6 ./Core/Src/stm32f1xx_it.o
                0x0000000008002a32                HardFault_Handler
 .text.MemManage_Handler
                0x0000000008002a38        0x6 ./Core/Src/stm32f1xx_it.o
                0x0000000008002a38                MemManage_Handler
 .text.BusFault_Handler
                0x0000000008002a3e        0x6 ./Core/Src/stm32f1xx_it.o
                0x0000000008002a3e                BusFault_Handler
 .text.UsageFault_Handler
                0x0000000008002a44        0x6 ./Core/Src/stm32f1xx_it.o
                0x0000000008002a44                UsageFault_Handler
 .text.SVC_Handler
                0x0000000008002a4a        0xc ./Core/Src/stm32f1xx_it.o
                0x0000000008002a4a                SVC_Handler
 .text.DebugMon_Handler
                0x0000000008002a56        0xc ./Core/Src/stm32f1xx_it.o
                0x0000000008002a56                DebugMon_Handler
 .text.PendSV_Handler
                0x0000000008002a62        0xc ./Core/Src/stm32f1xx_it.o
                0x0000000008002a62                PendSV_Handler
 .text.SysTick_Handler
                0x0000000008002a6e        0xc ./Core/Src/stm32f1xx_it.o
                0x0000000008002a6e                SysTick_Handler
 .text.EXTI0_IRQHandler
                0x0000000008002a7a        0xe ./Core/Src/stm32f1xx_it.o
                0x0000000008002a7a                EXTI0_IRQHandler
 .text.EXTI3_IRQHandler
                0x0000000008002a88        0xe ./Core/Src/stm32f1xx_it.o
                0x0000000008002a88                EXTI3_IRQHandler
 .text.EXTI4_IRQHandler
                0x0000000008002a96        0xe ./Core/Src/stm32f1xx_it.o
                0x0000000008002a96                EXTI4_IRQHandler
 .text.CAN1_RX1_IRQHandler
                0x0000000008002aa4       0x14 ./Core/Src/stm32f1xx_it.o
                0x0000000008002aa4                CAN1_RX1_IRQHandler
 .text.EXTI9_5_IRQHandler
                0x0000000008002ab8       0x1a ./Core/Src/stm32f1xx_it.o
                0x0000000008002ab8                EXTI9_5_IRQHandler
 *fill*         0x0000000008002ad2        0x2 
 .text.TIM2_IRQHandler
                0x0000000008002ad4       0x14 ./Core/Src/stm32f1xx_it.o
                0x0000000008002ad4                TIM2_IRQHandler
 .text.SystemInit
                0x0000000008002ae8        0xc ./Core/Src/system_stm32f1xx.o
                0x0000000008002ae8                SystemInit
 .text.MX_TIM1_Init
                0x0000000008002af4       0xa0 ./Core/Src/tim.o
                0x0000000008002af4                MX_TIM1_Init
 .text.MX_TIM2_Init
                0x0000000008002b94       0x9c ./Core/Src/tim.o
                0x0000000008002b94                MX_TIM2_Init
 .text.MX_TIM3_Init
                0x0000000008002c30      0x104 ./Core/Src/tim.o
                0x0000000008002c30                MX_TIM3_Init
 .text.MX_TIM4_Init
                0x0000000008002d34      0x130 ./Core/Src/tim.o
                0x0000000008002d34                MX_TIM4_Init
 .text.HAL_TIM_Base_MspInit
                0x0000000008002e64       0xc0 ./Core/Src/tim.o
                0x0000000008002e64                HAL_TIM_Base_MspInit
 .text.HAL_TIM_MspPostInit
                0x0000000008002f24       0xd0 ./Core/Src/tim.o
                0x0000000008002f24                HAL_TIM_MspPostInit
 .text.Reset_Handler
                0x0000000008002ff4       0x48 ./Core/Startup/startup_stm32f103c8tx.o
                0x0000000008002ff4                Reset_Handler
 .text.Default_Handler
                0x000000000800303c        0x2 ./Core/Startup/startup_stm32f103c8tx.o
                0x000000000800303c                RTC_Alarm_IRQHandler
                0x000000000800303c                EXTI2_IRQHandler
                0x000000000800303c                TIM1_CC_IRQHandler
                0x000000000800303c                PVD_IRQHandler
                0x000000000800303c                I2C2_EV_IRQHandler
                0x000000000800303c                ADC1_2_IRQHandler
                0x000000000800303c                SPI1_IRQHandler
                0x000000000800303c                TAMPER_IRQHandler
                0x000000000800303c                DMA1_Channel4_IRQHandler
                0x000000000800303c                USART3_IRQHandler
                0x000000000800303c                RTC_IRQHandler
                0x000000000800303c                DMA1_Channel7_IRQHandler
                0x000000000800303c                TIM4_IRQHandler
                0x000000000800303c                I2C1_EV_IRQHandler
                0x000000000800303c                DMA1_Channel6_IRQHandler
                0x000000000800303c                TIM3_IRQHandler
                0x000000000800303c                RCC_IRQHandler
                0x000000000800303c                TIM1_TRG_COM_IRQHandler
                0x000000000800303c                DMA1_Channel1_IRQHandler
                0x000000000800303c                Default_Handler
                0x000000000800303c                EXTI15_10_IRQHandler
                0x000000000800303c                SPI2_IRQHandler
                0x000000000800303c                DMA1_Channel5_IRQHandler
                0x000000000800303c                USB_LP_CAN1_RX0_IRQHandler
                0x000000000800303c                USB_HP_CAN1_TX_IRQHandler
                0x000000000800303c                DMA1_Channel3_IRQHandler
                0x000000000800303c                TIM1_UP_IRQHandler
                0x000000000800303c                WWDG_IRQHandler
                0x000000000800303c                TIM1_BRK_IRQHandler
                0x000000000800303c                EXTI1_IRQHandler
                0x000000000800303c                USART2_IRQHandler
                0x000000000800303c                I2C2_ER_IRQHandler
                0x000000000800303c                DMA1_Channel2_IRQHandler
                0x000000000800303c                CAN1_SCE_IRQHandler
                0x000000000800303c                FLASH_IRQHandler
                0x000000000800303c                USART1_IRQHandler
                0x000000000800303c                I2C1_ER_IRQHandler
                0x000000000800303c                USBWakeUp_IRQHandler
 *fill*         0x000000000800303e        0x2 
 .text.HAL_Init
                0x0000000008003040       0x2c ./Drivers/STM32F1xx_HAL_Driver/Src/stm32f1xx_hal.o
                0x0000000008003040                HAL_Init
 .text.HAL_InitTick
                0x000000000800306c       0x60 ./Drivers/STM32F1xx_HAL_Driver/Src/stm32f1xx_hal.o
                0x000000000800306c                HAL_InitTick
 .text.HAL_IncTick
                0x00000000080030cc       0x24 ./Drivers/STM32F1xx_HAL_Driver/Src/stm32f1xx_hal.o
                0x00000000080030cc                HAL_IncTick
 .text.HAL_GetTick
                0x00000000080030f0       0x14 ./Drivers/STM32F1xx_HAL_Driver/Src/stm32f1xx_hal.o
                0x00000000080030f0                HAL_GetTick
 .text.HAL_Delay
                0x0000000008003104       0x48 ./Drivers/STM32F1xx_HAL_Driver/Src/stm32f1xx_hal.o
                0x0000000008003104                HAL_Delay
 .text.HAL_CAN_Init
                0x000000000800314c      0x1f6 ./Drivers/STM32F1xx_HAL_Driver/Src/stm32f1xx_hal_can.o
                0x000000000800314c                HAL_CAN_Init
 .text.HAL_CAN_ConfigFilter
                0x0000000008003342      0x192 ./Drivers/STM32F1xx_HAL_Driver/Src/stm32f1xx_hal_can.o
                0x0000000008003342                HAL_CAN_ConfigFilter
 .text.HAL_CAN_Start
                0x00000000080034d4       0x88 ./Drivers/STM32F1xx_HAL_Driver/Src/stm32f1xx_hal_can.o
                0x00000000080034d4                HAL_CAN_Start
 .text.HAL_CAN_GetRxMessage
                0x000000000800355c      0x222 ./Drivers/STM32F1xx_HAL_Driver/Src/stm32f1xx_hal_can.o
                0x000000000800355c                HAL_CAN_GetRxMessage
 .text.HAL_CAN_ActivateNotification
                0x000000000800377e       0x4a ./Drivers/STM32F1xx_HAL_Driver/Src/stm32f1xx_hal_can.o
                0x000000000800377e                HAL_CAN_ActivateNotification
 .text.HAL_CAN_IRQHandler
                0x00000000080037c8      0x36e ./Drivers/STM32F1xx_HAL_Driver/Src/stm32f1xx_hal_can.o
                0x00000000080037c8                HAL_CAN_IRQHandler
 .text.HAL_CAN_TxMailbox0CompleteCallback
                0x0000000008003b36       0x12 ./Drivers/STM32F1xx_HAL_Driver/Src/stm32f1xx_hal_can.o
                0x0000000008003b36                HAL_CAN_TxMailbox0CompleteCallback
 .text.HAL_CAN_TxMailbox1CompleteCallback
                0x0000000008003b48       0x12 ./Drivers/STM32F1xx_HAL_Driver/Src/stm32f1xx_hal_can.o
                0x0000000008003b48                HAL_CAN_TxMailbox1CompleteCallback
 .text.HAL_CAN_TxMailbox2CompleteCallback
                0x0000000008003b5a       0x12 ./Drivers/STM32F1xx_HAL_Driver/Src/stm32f1xx_hal_can.o
                0x0000000008003b5a                HAL_CAN_TxMailbox2CompleteCallback
 .text.HAL_CAN_TxMailbox0AbortCallback
                0x0000000008003b6c       0x12 ./Drivers/STM32F1xx_HAL_Driver/Src/stm32f1xx_hal_can.o
                0x0000000008003b6c                HAL_CAN_TxMailbox0AbortCallback
 .text.HAL_CAN_TxMailbox1AbortCallback
                0x0000000008003b7e       0x12 ./Drivers/STM32F1xx_HAL_Driver/Src/stm32f1xx_hal_can.o
                0x0000000008003b7e                HAL_CAN_TxMailbox1AbortCallback
 .text.HAL_CAN_TxMailbox2AbortCallback
                0x0000000008003b90       0x12 ./Drivers/STM32F1xx_HAL_Driver/Src/stm32f1xx_hal_can.o
                0x0000000008003b90                HAL_CAN_TxMailbox2AbortCallback
 .text.HAL_CAN_RxFifo0MsgPendingCallback
                0x0000000008003ba2       0x12 ./Drivers/STM32F1xx_HAL_Driver/Src/stm32f1xx_hal_can.o
                0x0000000008003ba2                HAL_CAN_RxFifo0MsgPendingCallback
 .text.HAL_CAN_RxFifo0FullCallback
                0x0000000008003bb4       0x12 ./Drivers/STM32F1xx_HAL_Driver/Src/stm32f1xx_hal_can.o
                0x0000000008003bb4                HAL_CAN_RxFifo0FullCallback
 .text.HAL_CAN_RxFifo1FullCallback
                0x0000000008003bc6       0x12 ./Drivers/STM32F1xx_HAL_Driver/Src/stm32f1xx_hal_can.o
                0x0000000008003bc6                HAL_CAN_RxFifo1FullCallback
 .text.HAL_CAN_SleepCallback
                0x0000000008003bd8       0x12 ./Drivers/STM32F1xx_HAL_Driver/Src/stm32f1xx_hal_can.o
                0x0000000008003bd8                HAL_CAN_SleepCallback
 .text.HAL_CAN_WakeUpFromRxMsgCallback
                0x0000000008003bea       0x12 ./Drivers/STM32F1xx_HAL_Driver/Src/stm32f1xx_hal_can.o
                0x0000000008003bea                HAL_CAN_WakeUpFromRxMsgCallback
 .text.HAL_CAN_ErrorCallback
                0x0000000008003bfc       0x12 ./Drivers/STM32F1xx_HAL_Driver/Src/stm32f1xx_hal_can.o
                0x0000000008003bfc                HAL_CAN_ErrorCallback
 *fill*         0x0000000008003c0e        0x2 
 .text.__NVIC_SetPriorityGrouping
                0x0000000008003c10       0x48 ./Drivers/STM32F1xx_HAL_Driver/Src/stm32f1xx_hal_cortex.o
 .text.__NVIC_GetPriorityGrouping
                0x0000000008003c58       0x1c ./Drivers/STM32F1xx_HAL_Driver/Src/stm32f1xx_hal_cortex.o
 .text.__NVIC_EnableIRQ
                0x0000000008003c74       0x38 ./Drivers/STM32F1xx_HAL_Driver/Src/stm32f1xx_hal_cortex.o
 .text.__NVIC_SetPriority
                0x0000000008003cac       0x54 ./Drivers/STM32F1xx_HAL_Driver/Src/stm32f1xx_hal_cortex.o
 .text.NVIC_EncodePriority
                0x0000000008003d00       0x64 ./Drivers/STM32F1xx_HAL_Driver/Src/stm32f1xx_hal_cortex.o
 .text.SysTick_Config
                0x0000000008003d64       0x44 ./Drivers/STM32F1xx_HAL_Driver/Src/stm32f1xx_hal_cortex.o
 .text.HAL_NVIC_SetPriorityGrouping
                0x0000000008003da8       0x16 ./Drivers/STM32F1xx_HAL_Driver/Src/stm32f1xx_hal_cortex.o
                0x0000000008003da8                HAL_NVIC_SetPriorityGrouping
 .text.HAL_NVIC_SetPriority
                0x0000000008003dbe       0x38 ./Drivers/STM32F1xx_HAL_Driver/Src/stm32f1xx_hal_cortex.o
                0x0000000008003dbe                HAL_NVIC_SetPriority
 .text.HAL_NVIC_EnableIRQ
                0x0000000008003df6       0x1c ./Drivers/STM32F1xx_HAL_Driver/Src/stm32f1xx_hal_cortex.o
                0x0000000008003df6                HAL_NVIC_EnableIRQ
 .text.HAL_SYSTICK_Config
                0x0000000008003e12       0x18 ./Drivers/STM32F1xx_HAL_Driver/Src/stm32f1xx_hal_cortex.o
                0x0000000008003e12                HAL_SYSTICK_Config
 *fill*         0x0000000008003e2a        0x2 
 .text.HAL_GPIO_Init
                0x0000000008003e2c      0x308 ./Drivers/STM32F1xx_HAL_Driver/Src/stm32f1xx_hal_gpio.o
                0x0000000008003e2c                HAL_GPIO_Init
 .text.HAL_GPIO_ReadPin
                0x0000000008004134       0x2e ./Drivers/STM32F1xx_HAL_Driver/Src/stm32f1xx_hal_gpio.o
                0x0000000008004134                HAL_GPIO_ReadPin
 .text.HAL_GPIO_WritePin
                0x0000000008004162       0x30 ./Drivers/STM32F1xx_HAL_Driver/Src/stm32f1xx_hal_gpio.o
                0x0000000008004162                HAL_GPIO_WritePin
 .text.HAL_GPIO_TogglePin
                0x0000000008004192       0x32 ./Drivers/STM32F1xx_HAL_Driver/Src/stm32f1xx_hal_gpio.o
                0x0000000008004192                HAL_GPIO_TogglePin
 .text.HAL_GPIO_EXTI_IRQHandler
                0x00000000080041c4       0x30 ./Drivers/STM32F1xx_HAL_Driver/Src/stm32f1xx_hal_gpio.o
                0x00000000080041c4                HAL_GPIO_EXTI_IRQHandler
 .text.HAL_I2C_Init
                0x00000000080041f4      0x288 ./Drivers/STM32F1xx_HAL_Driver/Src/stm32f1xx_hal_i2c.o
                0x00000000080041f4                HAL_I2C_Init
 .text.HAL_I2C_Master_Transmit
                0x000000000800447c      0x1fc ./Drivers/STM32F1xx_HAL_Driver/Src/stm32f1xx_hal_i2c.o
                0x000000000800447c                HAL_I2C_Master_Transmit
 .text.HAL_I2C_Mem_Write
                0x0000000008004678      0x1f4 ./Drivers/STM32F1xx_HAL_Driver/Src/stm32f1xx_hal_i2c.o
                0x0000000008004678                HAL_I2C_Mem_Write
 .text.HAL_I2C_Mem_Read
                0x000000000800486c      0x4d0 ./Drivers/STM32F1xx_HAL_Driver/Src/stm32f1xx_hal_i2c.o
                0x000000000800486c                HAL_I2C_Mem_Read
 .text.I2C_MasterRequestWrite
                0x0000000008004d3c      0x104 ./Drivers/STM32F1xx_HAL_Driver/Src/stm32f1xx_hal_i2c.o
 .text.I2C_RequestMemoryWrite
                0x0000000008004e40      0x12c ./Drivers/STM32F1xx_HAL_Driver/Src/stm32f1xx_hal_i2c.o
 .text.I2C_RequestMemoryRead
                0x0000000008004f6c      0x1d0 ./Drivers/STM32F1xx_HAL_Driver/Src/stm32f1xx_hal_i2c.o
 .text.I2C_WaitOnFlagUntilTimeout
                0x000000000800513c       0xae ./Drivers/STM32F1xx_HAL_Driver/Src/stm32f1xx_hal_i2c.o
 .text.I2C_WaitOnMasterAddressFlagUntilTimeout
                0x00000000080051ea       0xfe ./Drivers/STM32F1xx_HAL_Driver/Src/stm32f1xx_hal_i2c.o
 .text.I2C_WaitOnTXEFlagUntilTimeout
                0x00000000080052e8       0x82 ./Drivers/STM32F1xx_HAL_Driver/Src/stm32f1xx_hal_i2c.o
 .text.I2C_WaitOnBTFFlagUntilTimeout
                0x000000000800536a       0x82 ./Drivers/STM32F1xx_HAL_Driver/Src/stm32f1xx_hal_i2c.o
 .text.I2C_WaitOnRXNEFlagUntilTimeout
                0x00000000080053ec       0xac ./Drivers/STM32F1xx_HAL_Driver/Src/stm32f1xx_hal_i2c.o
 .text.I2C_IsAcknowledgeFailed
                0x0000000008005498       0x5c ./Drivers/STM32F1xx_HAL_Driver/Src/stm32f1xx_hal_i2c.o
 .text.HAL_RCC_OscConfig
                0x00000000080054f4      0x504 ./Drivers/STM32F1xx_HAL_Driver/Src/stm32f1xx_hal_rcc.o
                0x00000000080054f4                HAL_RCC_OscConfig
 .text.HAL_RCC_ClockConfig
                0x00000000080059f8      0x1d4 ./Drivers/STM32F1xx_HAL_Driver/Src/stm32f1xx_hal_rcc.o
                0x00000000080059f8                HAL_RCC_ClockConfig
 .text.HAL_RCC_GetSysClockFreq
                0x0000000008005bcc       0xbc ./Drivers/STM32F1xx_HAL_Driver/Src/stm32f1xx_hal_rcc.o
                0x0000000008005bcc                HAL_RCC_GetSysClockFreq
 .text.HAL_RCC_GetHCLKFreq
                0x0000000008005c88       0x14 ./Drivers/STM32F1xx_HAL_Driver/Src/stm32f1xx_hal_rcc.o
                0x0000000008005c88                HAL_RCC_GetHCLKFreq
 .text.HAL_RCC_GetPCLK1Freq
                0x0000000008005c9c       0x28 ./Drivers/STM32F1xx_HAL_Driver/Src/stm32f1xx_hal_rcc.o
                0x0000000008005c9c                HAL_RCC_GetPCLK1Freq
 .text.RCC_Delay
                0x0000000008005cc4       0x3c ./Drivers/STM32F1xx_HAL_Driver/Src/stm32f1xx_hal_rcc.o
 .text.HAL_TIM_Base_Init
                0x0000000008005d00       0x9e ./Drivers/STM32F1xx_HAL_Driver/Src/stm32f1xx_hal_tim.o
                0x0000000008005d00                HAL_TIM_Base_Init
 *fill*         0x0000000008005d9e        0x2 
 .text.HAL_TIM_Base_Start_IT
                0x0000000008005da0       0xa4 ./Drivers/STM32F1xx_HAL_Driver/Src/stm32f1xx_hal_tim.o
                0x0000000008005da0                HAL_TIM_Base_Start_IT
 .text.HAL_TIM_PWM_Init
                0x0000000008005e44       0x9e ./Drivers/STM32F1xx_HAL_Driver/Src/stm32f1xx_hal_tim.o
                0x0000000008005e44                HAL_TIM_PWM_Init
 .text.HAL_TIM_PWM_MspInit
                0x0000000008005ee2       0x12 ./Drivers/STM32F1xx_HAL_Driver/Src/stm32f1xx_hal_tim.o
                0x0000000008005ee2                HAL_TIM_PWM_MspInit
 .text.HAL_TIM_PWM_Start
                0x0000000008005ef4      0x144 ./Drivers/STM32F1xx_HAL_Driver/Src/stm32f1xx_hal_tim.o
                0x0000000008005ef4                HAL_TIM_PWM_Start
 .text.HAL_TIM_IRQHandler
                0x0000000008006038      0x210 ./Drivers/STM32F1xx_HAL_Driver/Src/stm32f1xx_hal_tim.o
                0x0000000008006038                HAL_TIM_IRQHandler
 .text.HAL_TIM_PWM_ConfigChannel
                0x0000000008006248      0x17c ./Drivers/STM32F1xx_HAL_Driver/Src/stm32f1xx_hal_tim.o
                0x0000000008006248                HAL_TIM_PWM_ConfigChannel
 .text.HAL_TIM_ConfigClockSource
                0x00000000080063c4      0x188 ./Drivers/STM32F1xx_HAL_Driver/Src/stm32f1xx_hal_tim.o
                0x00000000080063c4                HAL_TIM_ConfigClockSource
 .text.HAL_TIM_OC_DelayElapsedCallback
                0x000000000800654c       0x12 ./Drivers/STM32F1xx_HAL_Driver/Src/stm32f1xx_hal_tim.o
                0x000000000800654c                HAL_TIM_OC_DelayElapsedCallback
 .text.HAL_TIM_IC_CaptureCallback
                0x000000000800655e       0x12 ./Drivers/STM32F1xx_HAL_Driver/Src/stm32f1xx_hal_tim.o
                0x000000000800655e                HAL_TIM_IC_CaptureCallback
 .text.HAL_TIM_PWM_PulseFinishedCallback
                0x0000000008006570       0x12 ./Drivers/STM32F1xx_HAL_Driver/Src/stm32f1xx_hal_tim.o
                0x0000000008006570                HAL_TIM_PWM_PulseFinishedCallback
 .text.HAL_TIM_TriggerCallback
                0x0000000008006582       0x12 ./Drivers/STM32F1xx_HAL_Driver/Src/stm32f1xx_hal_tim.o
                0x0000000008006582                HAL_TIM_TriggerCallback
 .text.TIM_Base_SetConfig
                0x0000000008006594       0xc4 ./Drivers/STM32F1xx_HAL_Driver/Src/stm32f1xx_hal_tim.o
                0x0000000008006594                TIM_Base_SetConfig
 .text.TIM_OC1_SetConfig
                0x0000000008006658       0xcc ./Drivers/STM32F1xx_HAL_Driver/Src/stm32f1xx_hal_tim.o
 .text.TIM_OC2_SetConfig
                0x0000000008006724       0xd4 ./Drivers/STM32F1xx_HAL_Driver/Src/stm32f1xx_hal_tim.o
                0x0000000008006724                TIM_OC2_SetConfig
 .text.TIM_OC3_SetConfig
                0x00000000080067f8       0xd4 ./Drivers/STM32F1xx_HAL_Driver/Src/stm32f1xx_hal_tim.o
 .text.TIM_OC4_SetConfig
                0x00000000080068cc       0x9c ./Drivers/STM32F1xx_HAL_Driver/Src/stm32f1xx_hal_tim.o
 .text.TIM_TI1_ConfigInputStage
                0x0000000008006968       0x5c ./Drivers/STM32F1xx_HAL_Driver/Src/stm32f1xx_hal_tim.o
 .text.TIM_TI2_ConfigInputStage
                0x00000000080069c4       0x5e ./Drivers/STM32F1xx_HAL_Driver/Src/stm32f1xx_hal_tim.o
 .text.TIM_ITRx_SetConfig
                0x0000000008006a22       0x34 ./Drivers/STM32F1xx_HAL_Driver/Src/stm32f1xx_hal_tim.o
 .text.TIM_ETR_SetConfig
                0x0000000008006a56       0x3e ./Drivers/STM32F1xx_HAL_Driver/Src/stm32f1xx_hal_tim.o
                0x0000000008006a56                TIM_ETR_SetConfig
 .text.TIM_CCxChannelCmd
                0x0000000008006a94       0x48 ./Drivers/STM32F1xx_HAL_Driver/Src/stm32f1xx_hal_tim.o
                0x0000000008006a94                TIM_CCxChannelCmd
 .text.HAL_TIMEx_MasterConfigSynchronization
                0x0000000008006adc       0xbc ./Drivers/STM32F1xx_HAL_Driver/Src/stm32f1xx_hal_tim_ex.o
                0x0000000008006adc                HAL_TIMEx_MasterConfigSynchronization
 .text.HAL_TIMEx_CommutCallback
                0x0000000008006b98       0x12 ./Drivers/STM32F1xx_HAL_Driver/Src/stm32f1xx_hal_tim_ex.o
                0x0000000008006b98                HAL_TIMEx_CommutCallback
 .text.HAL_TIMEx_BreakCallback
                0x0000000008006baa       0x12 ./Drivers/STM32F1xx_HAL_Driver/Src/stm32f1xx_hal_tim_ex.o
                0x0000000008006baa                HAL_TIMEx_BreakCallback
 .text.__libc_init_array
                0x0000000008006bbc       0x48 /opt/st/stm32cubeide_1.10.1/plugins/com.st.stm32cube.ide.mcu.externaltools.gnu-tools-for-stm32.10.3-2021.10.linux64_1.0.0.202111181127/tools/bin/../lib/gcc/arm-none-eabi/10.3.1/../../../../arm-none-eabi/lib/thumb/v7-m/nofp/libc_nano.a(lib_a-init.o)
                0x0000000008006bbc                __libc_init_array
 .text.memset   0x0000000008006c04       0x10 /opt/st/stm32cubeide_1.10.1/plugins/com.st.stm32cube.ide.mcu.externaltools.gnu-tools-for-stm32.10.3-2021.10.linux64_1.0.0.202111181127/tools/bin/../lib/gcc/arm-none-eabi/10.3.1/../../../../arm-none-eabi/lib/thumb/v7-m/nofp/libc_nano.a(lib_a-memset.o)
                0x0000000008006c04                memset
 *fill*         0x0000000008006c14        0x4 
 .text.floor    0x0000000008006c18      0x100 /opt/st/stm32cubeide_1.10.1/plugins/com.st.stm32cube.ide.mcu.externaltools.gnu-tools-for-stm32.10.3-2021.10.linux64_1.0.0.202111181127/tools/bin/../lib/gcc/arm-none-eabi/10.3.1/../../../../arm-none-eabi/lib/thumb/v7-m/nofp/libm.a(lib_a-s_floor.o)
                0x0000000008006c18                floor
 .text.round    0x0000000008006d18       0x90 /opt/st/stm32cubeide_1.10.1/plugins/com.st.stm32cube.ide.mcu.externaltools.gnu-tools-for-stm32.10.3-2021.10.linux64_1.0.0.202111181127/tools/bin/../lib/gcc/arm-none-eabi/10.3.1/../../../../arm-none-eabi/lib/thumb/v7-m/nofp/libm.a(lib_a-s_round.o)
                0x0000000008006d18                round
 *(.glue_7)
 .glue_7        0x0000000008006da8        0x0 linker stubs
 *(.glue_7t)
 .glue_7t       0x0000000008006da8        0x0 linker stubs
 *(.eh_frame)
 .eh_frame      0x0000000008006da8        0x0 /opt/st/stm32cubeide_1.10.1/plugins/com.st.stm32cube.ide.mcu.externaltools.gnu-tools-for-stm32.10.3-2021.10.linux64_1.0.0.202111181127/tools/bin/../lib/gcc/arm-none-eabi/10.3.1/thumb/v7-m/nofp/crtbegin.o
 *(.init)
 .init          0x0000000008006da8        0x4 /opt/st/stm32cubeide_1.10.1/plugins/com.st.stm32cube.ide.mcu.externaltools.gnu-tools-for-stm32.10.3-2021.10.linux64_1.0.0.202111181127/tools/bin/../lib/gcc/arm-none-eabi/10.3.1/thumb/v7-m/nofp/crti.o
                0x0000000008006da8                _init
 .init          0x0000000008006dac        0x8 /opt/st/stm32cubeide_1.10.1/plugins/com.st.stm32cube.ide.mcu.externaltools.gnu-tools-for-stm32.10.3-2021.10.linux64_1.0.0.202111181127/tools/bin/../lib/gcc/arm-none-eabi/10.3.1/thumb/v7-m/nofp/crtn.o
 *(.fini)
 .fini          0x0000000008006db4        0x4 /opt/st/stm32cubeide_1.10.1/plugins/com.st.stm32cube.ide.mcu.externaltools.gnu-tools-for-stm32.10.3-2021.10.linux64_1.0.0.202111181127/tools/bin/../lib/gcc/arm-none-eabi/10.3.1/thumb/v7-m/nofp/crti.o
                0x0000000008006db4                _fini
 .fini          0x0000000008006db8        0x8 /opt/st/stm32cubeide_1.10.1/plugins/com.st.stm32cube.ide.mcu.externaltools.gnu-tools-for-stm32.10.3-2021.10.linux64_1.0.0.202111181127/tools/bin/../lib/gcc/arm-none-eabi/10.3.1/thumb/v7-m/nofp/crtn.o
                0x0000000008006dc0                . = ALIGN (0x4)
                0x0000000008006dc0                _etext = .

.vfp11_veneer   0x0000000008006dc0        0x0
 .vfp11_veneer  0x0000000008006dc0        0x0 linker stubs

.v4_bx          0x0000000008006dc0        0x0
 .v4_bx         0x0000000008006dc0        0x0 linker stubs

.iplt           0x0000000008006dc0        0x0
 .iplt          0x0000000008006dc0        0x0 /opt/st/stm32cubeide_1.10.1/plugins/com.st.stm32cube.ide.mcu.externaltools.gnu-tools-for-stm32.10.3-2021.10.linux64_1.0.0.202111181127/tools/bin/../lib/gcc/arm-none-eabi/10.3.1/thumb/v7-m/nofp/crtbegin.o

.rodata         0x0000000008006dc0       0x28
                0x0000000008006dc0                . = ALIGN (0x4)
 *(.rodata)
 .rodata        0x0000000008006dc0       0x10 ./Drivers/STM32F1xx_HAL_Driver/Src/stm32f1xx_hal_rcc.o
 *(.rodata*)
 .rodata.AHBPrescTable
                0x0000000008006dd0       0x10 ./Core/Src/system_stm32f1xx.o
                0x0000000008006dd0                AHBPrescTable
 .rodata.APBPrescTable
                0x0000000008006de0        0x8 ./Core/Src/system_stm32f1xx.o
                0x0000000008006de0                APBPrescTable
                0x0000000008006de8                . = ALIGN (0x4)

.rel.dyn        0x0000000008006de8        0x0
 .rel.iplt      0x0000000008006de8        0x0 /opt/st/stm32cubeide_1.10.1/plugins/com.st.stm32cube.ide.mcu.externaltools.gnu-tools-for-stm32.10.3-2021.10.linux64_1.0.0.202111181127/tools/bin/../lib/gcc/arm-none-eabi/10.3.1/thumb/v7-m/nofp/crtbegin.o

.ARM.extab      0x0000000008006de8        0x0
                0x0000000008006de8                . = ALIGN (0x4)
 *(.ARM.extab* .gnu.linkonce.armextab.*)
                0x0000000008006de8                . = ALIGN (0x4)

.ARM            0x0000000008006de8        0x0
                0x0000000008006de8                . = ALIGN (0x4)
                0x0000000008006de8                __exidx_start = .
 *(.ARM.exidx*)
                0x0000000008006de8                __exidx_end = .
                0x0000000008006de8                . = ALIGN (0x4)

.preinit_array  0x0000000008006de8        0x0
                0x0000000008006de8                . = ALIGN (0x4)
                0x0000000008006de8                PROVIDE (__preinit_array_start = .)
 *(.preinit_array*)
                0x0000000008006de8                PROVIDE (__preinit_array_end = .)
                0x0000000008006de8                . = ALIGN (0x4)

.init_array     0x0000000008006de8        0x4
                0x0000000008006de8                . = ALIGN (0x4)
                0x0000000008006de8                PROVIDE (__init_array_start = .)
 *(SORT_BY_NAME(.init_array.*))
 *(.init_array*)
 .init_array    0x0000000008006de8        0x4 /opt/st/stm32cubeide_1.10.1/plugins/com.st.stm32cube.ide.mcu.externaltools.gnu-tools-for-stm32.10.3-2021.10.linux64_1.0.0.202111181127/tools/bin/../lib/gcc/arm-none-eabi/10.3.1/thumb/v7-m/nofp/crtbegin.o
                0x0000000008006dec                PROVIDE (__init_array_end = .)
                0x0000000008006dec                . = ALIGN (0x4)

.fini_array     0x0000000008006dec        0x4
                0x0000000008006dec                . = ALIGN (0x4)
                [!provide]                        PROVIDE (__fini_array_start = .)
 *(SORT_BY_NAME(.fini_array.*))
 *(.fini_array*)
 .fini_array    0x0000000008006dec        0x4 /opt/st/stm32cubeide_1.10.1/plugins/com.st.stm32cube.ide.mcu.externaltools.gnu-tools-for-stm32.10.3-2021.10.linux64_1.0.0.202111181127/tools/bin/../lib/gcc/arm-none-eabi/10.3.1/thumb/v7-m/nofp/crtbegin.o
                [!provide]                        PROVIDE (__fini_array_end = .)
                0x0000000008006df0                . = ALIGN (0x4)
                0x0000000008006df0                _sidata = LOADADDR (.data)

.data           0x0000000020000000       0x10 load address 0x0000000008006df0
                0x0000000020000000                . = ALIGN (0x4)
                0x0000000020000000                _sdata = .
 *(.data)
 *(.data*)
 .data.degree   0x0000000020000000        0x1 ./Core/Src/main.o
                0x0000000020000000                degree
 *fill*         0x0000000020000001        0x3 
 .data.SystemCoreClock
                0x0000000020000004        0x4 ./Core/Src/system_stm32f1xx.o
                0x0000000020000004                SystemCoreClock
 .data.uwTickPrio
                0x0000000020000008        0x4 ./Drivers/STM32F1xx_HAL_Driver/Src/stm32f1xx_hal.o
                0x0000000020000008                uwTickPrio
 .data.uwTickFreq
                0x000000002000000c        0x1 ./Drivers/STM32F1xx_HAL_Driver/Src/stm32f1xx_hal.o
                0x000000002000000c                uwTickFreq
 *(.RamFunc)
 *(.RamFunc*)
                0x0000000020000010                . = ALIGN (0x4)
 *fill*         0x000000002000000d        0x3 
                0x0000000020000010                _edata = .

.igot.plt       0x0000000020000010        0x0 load address 0x0000000008006e00
 .igot.plt      0x0000000020000010        0x0 /opt/st/stm32cubeide_1.10.1/plugins/com.st.stm32cube.ide.mcu.externaltools.gnu-tools-for-stm32.10.3-2021.10.linux64_1.0.0.202111181127/tools/bin/../lib/gcc/arm-none-eabi/10.3.1/thumb/v7-m/nofp/crtbegin.o
                0x0000000020000010                . = ALIGN (0x4)

.bss            0x0000000020000010      0x298 load address 0x0000000008006e00
                0x0000000020000010                _sbss = .
                0x0000000020000010                __bss_start__ = _sbss
 *(.bss)
 .bss           0x0000000020000010       0x1c /opt/st/stm32cubeide_1.10.1/plugins/com.st.stm32cube.ide.mcu.externaltools.gnu-tools-for-stm32.10.3-2021.10.linux64_1.0.0.202111181127/tools/bin/../lib/gcc/arm-none-eabi/10.3.1/thumb/v7-m/nofp/crtbegin.o
 *(.bss*)
 .bss.hcan      0x000000002000002c       0x28 ./Core/Src/can.o
                0x000000002000002c                hcan
 .bss.hi2c2     0x0000000020000054       0x54 ./Core/Src/i2c.o
                0x0000000020000054                hi2c2
 .bss.data_16   0x00000000200000a8        0x2 ./Core/Src/main.o
                0x00000000200000a8                data_16
 .bss.data_r    0x00000000200000aa        0x2 ./Core/Src/main.o
                0x00000000200000aa                data_r
 .bss.speed     0x00000000200000ac        0x4 ./Core/Src/main.o
                0x00000000200000ac                speed
 .bss.speed_r   0x00000000200000b0        0x4 ./Core/Src/main.o
                0x00000000200000b0                speed_r
 .bss.MPID      0x00000000200000b4       0x40 ./Core/Src/main.o
                0x00000000200000b4                MPID
 .bss.nowA      0x00000000200000f4        0x2 ./Core/Src/main.o
                0x00000000200000f4                nowA
 *fill*         0x00000000200000f6        0x2 
 .bss.nowB      0x00000000200000f8        0x2 ./Core/Src/main.o
                0x00000000200000f8                nowB
 *fill*         0x00000000200000fa        0x2 
 .bss.lastA     0x00000000200000fc        0x2 ./Core/Src/main.o
                0x00000000200000fc                lastA
 *fill*         0x00000000200000fe        0x2 
 .bss.lastB     0x0000000020000100        0x2 ./Core/Src/main.o
                0x0000000020000100                lastB
 *fill*         0x0000000020000102        0x2 
 .bss.dir       0x0000000020000104        0x2 ./Core/Src/main.o
                0x0000000020000104                dir
 *fill*         0x0000000020000106        0x2 
 .bss.cnt       0x0000000020000108        0x4 ./Core/Src/main.o
                0x0000000020000108                cnt
 .bss.Enc_count
                0x000000002000010c        0x4 ./Core/Src/main.o
                0x000000002000010c                Enc_count
 .bss.count     0x0000000020000110        0x4 ./Core/Src/main.o
                0x0000000020000110                count
 .bss.new_count
                0x0000000020000114        0x4 ./Core/Src/main.o
                0x0000000020000114                new_count
 .bss.count_state
                0x0000000020000118        0x2 ./Core/Src/main.o
                0x0000000020000118                count_state
 *fill*         0x000000002000011a        0x2 
 .bss.diff      0x000000002000011c        0x4 ./Core/Src/main.o
                0x000000002000011c                diff
 .bss.speedM    0x0000000020000120        0x8 ./Core/Src/main.o
                0x0000000020000120                speedM
 .bss.rdps      0x0000000020000128        0x8 ./Core/Src/main.o
                0x0000000020000128                rdps
 .bss.Motor1_speed
                0x0000000020000130        0x4 ./Core/Src/main.o
                0x0000000020000130                Motor1_speed
 .bss.Motor2_speed
                0x0000000020000134        0x4 ./Core/Src/main.o
                0x0000000020000134                Motor2_speed
 .bss.pwm_M1    0x0000000020000138        0x4 ./Core/Src/main.o
                0x0000000020000138                pwm_M1
 .bss.pwm_M2    0x000000002000013c        0x4 ./Core/Src/main.o
                0x000000002000013c                pwm_M2
 .bss.pwm_r     0x0000000020000140        0x4 ./Core/Src/main.o
                0x0000000020000140                pwm_r
 .bss.i         0x0000000020000144        0x4 ./Core/Src/main.o
                0x0000000020000144                i
 .bss.data_limit
                0x0000000020000148        0x1 ./Core/Src/main.o
                0x0000000020000148                data_limit
 *fill*         0x0000000020000149        0x3 
 .bss.c         0x000000002000014c        0x4 ./Core/Src/main.o
                0x000000002000014c                c
 .bss.pick      0x0000000020000150        0x1 ./Core/Src/main.o
                0x0000000020000150                pick
 .bss.fall      0x0000000020000151        0x1 ./Core/Src/main.o
                0x0000000020000151                fall
 .bss.shoot     0x0000000020000152        0x1 ./Core/Src/main.o
                0x0000000020000152                shoot
 .bss.store     0x0000000020000153        0x1 ./Core/Src/main.o
                0x0000000020000153                store
 .bss.open      0x0000000020000154        0x1 ./Core/Src/main.o
                0x0000000020000154                open
 .bss.push      0x0000000020000155        0x1 ./Core/Src/main.o
                0x0000000020000155                push
 .bss.control_fall
                0x0000000020000156        0x1 ./Core/Src/main.o
                0x0000000020000156                control_fall
 *fill*         0x0000000020000157        0x1 
 .bss.RxHeader  0x0000000020000158       0x1c ./Core/Src/main.o
                0x0000000020000158                RxHeader
 .bss.RxData    0x0000000020000174        0x8 ./Core/Src/main.o
                0x0000000020000174                RxData
 .bss.cntt      0x000000002000017c        0x1 ./Core/Src/main.o
                0x000000002000017c                cntt
 *fill*         0x000000002000017d        0x3 
 .bss.pca9685_i2c
                0x0000000020000180        0x4 ./Core/Src/pca9685.o
                0x0000000020000180                pca9685_i2c
 .bss.htim1     0x0000000020000184       0x48 ./Core/Src/tim.o
                0x0000000020000184                htim1
 .bss.htim2     0x00000000200001cc       0x48 ./Core/Src/tim.o
                0x00000000200001cc                htim2
 .bss.htim3     0x0000000020000214       0x48 ./Core/Src/tim.o
                0x0000000020000214                htim3
 .bss.htim4     0x000000002000025c       0x48 ./Core/Src/tim.o
                0x000000002000025c                htim4
 .bss.uwTick    0x00000000200002a4        0x4 ./Drivers/STM32F1xx_HAL_Driver/Src/stm32f1xx_hal.o
                0x00000000200002a4                uwTick
 *(COMMON)
                0x00000000200002a8                . = ALIGN (0x4)
                0x00000000200002a8                _ebss = .
                0x00000000200002a8                __bss_end__ = _ebss

._user_heap_stack
                0x00000000200002a8      0x600 load address 0x0000000008006e00
                0x00000000200002a8                . = ALIGN (0x8)
                [!provide]                        PROVIDE (end = .)
                0x00000000200002a8                PROVIDE (_end = .)
                0x00000000200004a8                . = (. + _Min_Heap_Size)
 *fill*         0x00000000200002a8      0x200 
                0x00000000200008a8                . = (. + _Min_Stack_Size)
 *fill*         0x00000000200004a8      0x400 
                0x00000000200008a8                . = ALIGN (0x8)

/DISCARD/
 libc.a(*)
 libm.a(*)
 libgcc.a(*)

.ARM.attributes
                0x0000000000000000       0x29
 *(.ARM.attributes)
 .ARM.attributes
                0x0000000000000000       0x1d /opt/st/stm32cubeide_1.10.1/plugins/com.st.stm32cube.ide.mcu.externaltools.gnu-tools-for-stm32.10.3-2021.10.linux64_1.0.0.202111181127/tools/bin/../lib/gcc/arm-none-eabi/10.3.1/thumb/v7-m/nofp/crti.o
 .ARM.attributes
                0x000000000000001d       0x2d /opt/st/stm32cubeide_1.10.1/plugins/com.st.stm32cube.ide.mcu.externaltools.gnu-tools-for-stm32.10.3-2021.10.linux64_1.0.0.202111181127/tools/bin/../lib/gcc/arm-none-eabi/10.3.1/thumb/v7-m/nofp/crtbegin.o
 .ARM.attributes
                0x000000000000004a       0x2d ./Core/Src/PID.o
 .ARM.attributes
                0x0000000000000077       0x2d ./Core/Src/can.o
 .ARM.attributes
                0x00000000000000a4       0x2d ./Core/Src/gpio.o
 .ARM.attributes
                0x00000000000000d1       0x2d ./Core/Src/i2c.o
 .ARM.attributes
                0x00000000000000fe       0x2d ./Core/Src/main.o
 .ARM.attributes
                0x000000000000012b       0x2d ./Core/Src/pca9685.o
 .ARM.attributes
                0x0000000000000158       0x2d ./Core/Src/stm32f1xx_hal_msp.o
 .ARM.attributes
                0x0000000000000185       0x2d ./Core/Src/stm32f1xx_it.o
 .ARM.attributes
                0x00000000000001b2       0x2d ./Core/Src/system_stm32f1xx.o
 .ARM.attributes
                0x00000000000001df       0x2d ./Core/Src/tim.o
 .ARM.attributes
                0x000000000000020c       0x21 ./Core/Startup/startup_stm32f103c8tx.o
 .ARM.attributes
                0x000000000000022d       0x2d ./Drivers/STM32F1xx_HAL_Driver/Src/stm32f1xx_hal.o
 .ARM.attributes
                0x000000000000025a       0x2d ./Drivers/STM32F1xx_HAL_Driver/Src/stm32f1xx_hal_can.o
 .ARM.attributes
                0x0000000000000287       0x2d ./Drivers/STM32F1xx_HAL_Driver/Src/stm32f1xx_hal_cortex.o
 .ARM.attributes
                0x00000000000002b4       0x2d ./Drivers/STM32F1xx_HAL_Driver/Src/stm32f1xx_hal_gpio.o
 .ARM.attributes
                0x00000000000002e1       0x2d ./Drivers/STM32F1xx_HAL_Driver/Src/stm32f1xx_hal_i2c.o
 .ARM.attributes
                0x000000000000030e       0x2d ./Drivers/STM32F1xx_HAL_Driver/Src/stm32f1xx_hal_rcc.o
 .ARM.attributes
                0x000000000000033b       0x2d ./Drivers/STM32F1xx_HAL_Driver/Src/stm32f1xx_hal_tim.o
 .ARM.attributes
                0x0000000000000368       0x2d ./Drivers/STM32F1xx_HAL_Driver/Src/stm32f1xx_hal_tim_ex.o
 .ARM.attributes
                0x0000000000000395       0x2d /opt/st/stm32cubeide_1.10.1/plugins/com.st.stm32cube.ide.mcu.externaltools.gnu-tools-for-stm32.10.3-2021.10.linux64_1.0.0.202111181127/tools/bin/../lib/gcc/arm-none-eabi/10.3.1/../../../../arm-none-eabi/lib/thumb/v7-m/nofp/libc_nano.a(lib_a-init.o)
 .ARM.attributes
                0x00000000000003c2       0x2d /opt/st/stm32cubeide_1.10.1/plugins/com.st.stm32cube.ide.mcu.externaltools.gnu-tools-for-stm32.10.3-2021.10.linux64_1.0.0.202111181127/tools/bin/../lib/gcc/arm-none-eabi/10.3.1/../../../../arm-none-eabi/lib/thumb/v7-m/nofp/libc_nano.a(lib_a-memset.o)
 .ARM.attributes
                0x00000000000003ef       0x2d /opt/st/stm32cubeide_1.10.1/plugins/com.st.stm32cube.ide.mcu.externaltools.gnu-tools-for-stm32.10.3-2021.10.linux64_1.0.0.202111181127/tools/bin/../lib/gcc/arm-none-eabi/10.3.1/../../../../arm-none-eabi/lib/thumb/v7-m/nofp/libm.a(lib_a-s_floor.o)
 .ARM.attributes
                0x000000000000041c       0x2d /opt/st/stm32cubeide_1.10.1/plugins/com.st.stm32cube.ide.mcu.externaltools.gnu-tools-for-stm32.10.3-2021.10.linux64_1.0.0.202111181127/tools/bin/../lib/gcc/arm-none-eabi/10.3.1/../../../../arm-none-eabi/lib/thumb/v7-m/nofp/libm.a(lib_a-s_round.o)
 .ARM.attributes
                0x0000000000000449       0x1d /opt/st/stm32cubeide_1.10.1/plugins/com.st.stm32cube.ide.mcu.externaltools.gnu-tools-for-stm32.10.3-2021.10.linux64_1.0.0.202111181127/tools/bin/../lib/gcc/arm-none-eabi/10.3.1/thumb/v7-m/nofp/libgcc.a(_arm_addsubdf3.o)
 .ARM.attributes
                0x0000000000000466       0x1d /opt/st/stm32cubeide_1.10.1/plugins/com.st.stm32cube.ide.mcu.externaltools.gnu-tools-for-stm32.10.3-2021.10.linux64_1.0.0.202111181127/tools/bin/../lib/gcc/arm-none-eabi/10.3.1/thumb/v7-m/nofp/libgcc.a(_arm_muldivdf3.o)
 .ARM.attributes
                0x0000000000000483       0x1d /opt/st/stm32cubeide_1.10.1/plugins/com.st.stm32cube.ide.mcu.externaltools.gnu-tools-for-stm32.10.3-2021.10.linux64_1.0.0.202111181127/tools/bin/../lib/gcc/arm-none-eabi/10.3.1/thumb/v7-m/nofp/libgcc.a(_arm_cmpdf2.o)
 .ARM.attributes
                0x00000000000004a0       0x1d /opt/st/stm32cubeide_1.10.1/plugins/com.st.stm32cube.ide.mcu.externaltools.gnu-tools-for-stm32.10.3-2021.10.linux64_1.0.0.202111181127/tools/bin/../lib/gcc/arm-none-eabi/10.3.1/thumb/v7-m/nofp/libgcc.a(_arm_fixunsdfsi.o)
 .ARM.attributes
                0x00000000000004bd       0x1d /opt/st/stm32cubeide_1.10.1/plugins/com.st.stm32cube.ide.mcu.externaltools.gnu-tools-for-stm32.10.3-2021.10.linux64_1.0.0.202111181127/tools/bin/../lib/gcc/arm-none-eabi/10.3.1/thumb/v7-m/nofp/libgcc.a(_arm_truncdfsf2.o)
 .ARM.attributes
                0x00000000000004da       0x1d /opt/st/stm32cubeide_1.10.1/plugins/com.st.stm32cube.ide.mcu.externaltools.gnu-tools-for-stm32.10.3-2021.10.linux64_1.0.0.202111181127/tools/bin/../lib/gcc/arm-none-eabi/10.3.1/thumb/v7-m/nofp/libgcc.a(_arm_addsubsf3.o)
 .ARM.attributes
                0x00000000000004f7       0x1d /opt/st/stm32cubeide_1.10.1/plugins/com.st.stm32cube.ide.mcu.externaltools.gnu-tools-for-stm32.10.3-2021.10.linux64_1.0.0.202111181127/tools/bin/../lib/gcc/arm-none-eabi/10.3.1/thumb/v7-m/nofp/libgcc.a(_arm_muldivsf3.o)
 .ARM.attributes
                0x0000000000000514       0x1d /opt/st/stm32cubeide_1.10.1/plugins/com.st.stm32cube.ide.mcu.externaltools.gnu-tools-for-stm32.10.3-2021.10.linux64_1.0.0.202111181127/tools/bin/../lib/gcc/arm-none-eabi/10.3.1/thumb/v7-m/nofp/libgcc.a(_arm_cmpsf2.o)
 .ARM.attributes
                0x0000000000000531       0x1d /opt/st/stm32cubeide_1.10.1/plugins/com.st.stm32cube.ide.mcu.externaltools.gnu-tools-for-stm32.10.3-2021.10.linux64_1.0.0.202111181127/tools/bin/../lib/gcc/arm-none-eabi/10.3.1/thumb/v7-m/nofp/libgcc.a(_arm_fixunssfsi.o)
 .ARM.attributes
                0x000000000000054e       0x1d /opt/st/stm32cubeide_1.10.1/plugins/com.st.stm32cube.ide.mcu.externaltools.gnu-tools-for-stm32.10.3-2021.10.linux64_1.0.0.202111181127/tools/bin/../lib/gcc/arm-none-eabi/10.3.1/thumb/v7-m/nofp/crtn.o
OUTPUT(PID_driver_i2c.elf elf32-littlearm)
LOAD linker stubs
LOAD /opt/st/stm32cubeide_1.10.1/plugins/com.st.stm32cube.ide.mcu.externaltools.gnu-tools-for-stm32.10.3-2021.10.linux64_1.0.0.202111181127/tools/bin/../lib/gcc/arm-none-eabi/10.3.1/../../../../arm-none-eabi/lib/thumb/v7-m/nofp/libc.a
LOAD /opt/st/stm32cubeide_1.10.1/plugins/com.st.stm32cube.ide.mcu.externaltools.gnu-tools-for-stm32.10.3-2021.10.linux64_1.0.0.202111181127/tools/bin/../lib/gcc/arm-none-eabi/10.3.1/../../../../arm-none-eabi/lib/thumb/v7-m/nofp/libm.a
LOAD /opt/st/stm32cubeide_1.10.1/plugins/com.st.stm32cube.ide.mcu.externaltools.gnu-tools-for-stm32.10.3-2021.10.linux64_1.0.0.202111181127/tools/bin/../lib/gcc/arm-none-eabi/10.3.1/thumb/v7-m/nofp/libgcc.a

.debug_info     0x0000000000000000     0xf13a
 .debug_info    0x0000000000000000      0x1dd ./Core/Src/PID.o
 .debug_info    0x00000000000001dd      0x992 ./Core/Src/can.o
 .debug_info    0x0000000000000b6f      0x48e ./Core/Src/gpio.o
 .debug_info    0x0000000000000ffd      0x85b ./Core/Src/i2c.o
 .debug_info    0x0000000000001858     0x1a72 ./Core/Src/main.o
 .debug_info    0x00000000000032ca      0x9da ./Core/Src/pca9685.o
 .debug_info    0x0000000000003ca4      0x210 ./Core/Src/stm32f1xx_hal_msp.o
 .debug_info    0x0000000000003eb4      0xb65 ./Core/Src/stm32f1xx_it.o
 .debug_info    0x0000000000004a19      0x23d ./Core/Src/system_stm32f1xx.o
 .debug_info    0x0000000000004c56      0xe1c ./Core/Src/tim.o
 .debug_info    0x0000000000005a72       0x22 ./Core/Startup/startup_stm32f103c8tx.o
 .debug_info    0x0000000000005a94      0x734 ./Drivers/STM32F1xx_HAL_Driver/Src/stm32f1xx_hal.o
 .debug_info    0x00000000000061c8      0xfb8 ./Drivers/STM32F1xx_HAL_Driver/Src/stm32f1xx_hal_can.o
 .debug_info    0x0000000000007180      0xb20 ./Drivers/STM32F1xx_HAL_Driver/Src/stm32f1xx_hal_cortex.o
 .debug_info    0x0000000000007ca0      0x615 ./Drivers/STM32F1xx_HAL_Driver/Src/stm32f1xx_hal_gpio.o
 .debug_info    0x00000000000082b5     0x2734 ./Drivers/STM32F1xx_HAL_Driver/Src/stm32f1xx_hal_i2c.o
 .debug_info    0x000000000000a9e9      0x860 ./Drivers/STM32F1xx_HAL_Driver/Src/stm32f1xx_hal_rcc.o
 .debug_info    0x000000000000b249     0x29de ./Drivers/STM32F1xx_HAL_Driver/Src/stm32f1xx_hal_tim.o
 .debug_info    0x000000000000dc27     0x1513 ./Drivers/STM32F1xx_HAL_Driver/Src/stm32f1xx_hal_tim_ex.o

.debug_abbrev   0x0000000000000000     0x2517
 .debug_abbrev  0x0000000000000000      0x10d ./Core/Src/PID.o
 .debug_abbrev  0x000000000000010d      0x230 ./Core/Src/can.o
 .debug_abbrev  0x000000000000033d      0x152 ./Core/Src/gpio.o
 .debug_abbrev  0x000000000000048f      0x1ce ./Core/Src/i2c.o
 .debug_abbrev  0x000000000000065d      0x3ba ./Core/Src/main.o
 .debug_abbrev  0x0000000000000a17      0x1c1 ./Core/Src/pca9685.o
 .debug_abbrev  0x0000000000000bd8       0xd4 ./Core/Src/stm32f1xx_hal_msp.o
 .debug_abbrev  0x0000000000000cac      0x206 ./Core/Src/stm32f1xx_it.o
 .debug_abbrev  0x0000000000000eb2      0x13b ./Core/Src/system_stm32f1xx.o
 .debug_abbrev  0x0000000000000fed      0x266 ./Core/Src/tim.o
 .debug_abbrev  0x0000000000001253       0x12 ./Core/Startup/startup_stm32f103c8tx.o
 .debug_abbrev  0x0000000000001265      0x1fb ./Drivers/STM32F1xx_HAL_Driver/Src/stm32f1xx_hal.o
 .debug_abbrev  0x0000000000001460      0x21d ./Drivers/STM32F1xx_HAL_Driver/Src/stm32f1xx_hal_can.o
 .debug_abbrev  0x000000000000167d      0x2ed ./Drivers/STM32F1xx_HAL_Driver/Src/stm32f1xx_hal_cortex.o
 .debug_abbrev  0x000000000000196a      0x1bb ./Drivers/STM32F1xx_HAL_Driver/Src/stm32f1xx_hal_gpio.o
 .debug_abbrev  0x0000000000001b25      0x288 ./Drivers/STM32F1xx_HAL_Driver/Src/stm32f1xx_hal_i2c.o
 .debug_abbrev  0x0000000000001dad      0x2a8 ./Drivers/STM32F1xx_HAL_Driver/Src/stm32f1xx_hal_rcc.o
 .debug_abbrev  0x0000000000002055      0x25d ./Drivers/STM32F1xx_HAL_Driver/Src/stm32f1xx_hal_tim.o
 .debug_abbrev  0x00000000000022b2      0x265 ./Drivers/STM32F1xx_HAL_Driver/Src/stm32f1xx_hal_tim_ex.o

.debug_aranges  0x0000000000000000      0xf18
 .debug_aranges
                0x0000000000000000       0x28 ./Core/Src/PID.o
 .debug_aranges
                0x0000000000000028       0x30 ./Core/Src/can.o
 .debug_aranges
                0x0000000000000058       0x20 ./Core/Src/gpio.o
 .debug_aranges
                0x0000000000000078       0x30 ./Core/Src/i2c.o
 .debug_aranges
                0x00000000000000a8       0xd0 ./Core/Src/main.o
 .debug_aranges
                0x0000000000000178       0x78 ./Core/Src/pca9685.o
 .debug_aranges
                0x00000000000001f0       0x20 ./Core/Src/stm32f1xx_hal_msp.o
 .debug_aranges
                0x0000000000000210       0x90 ./Core/Src/stm32f1xx_it.o
 .debug_aranges
                0x00000000000002a0       0x28 ./Core/Src/system_stm32f1xx.o
 .debug_aranges
                0x00000000000002c8       0x50 ./Core/Src/tim.o
 .debug_aranges
                0x0000000000000318       0x28 ./Core/Startup/startup_stm32f103c8tx.o
 .debug_aranges
                0x0000000000000340       0xe0 ./Drivers/STM32F1xx_HAL_Driver/Src/stm32f1xx_hal.o
 .debug_aranges
                0x0000000000000420      0x138 ./Drivers/STM32F1xx_HAL_Driver/Src/stm32f1xx_hal_can.o
 .debug_aranges
                0x0000000000000558      0x100 ./Drivers/STM32F1xx_HAL_Driver/Src/stm32f1xx_hal_cortex.o
 .debug_aranges
                0x0000000000000658       0x58 ./Drivers/STM32F1xx_HAL_Driver/Src/stm32f1xx_hal_gpio.o
 .debug_aranges
                0x00000000000006b0      0x2a0 ./Drivers/STM32F1xx_HAL_Driver/Src/stm32f1xx_hal_i2c.o
 .debug_aranges
                0x0000000000000950       0x90 ./Drivers/STM32F1xx_HAL_Driver/Src/stm32f1xx_hal_rcc.o
 .debug_aranges
                0x00000000000009e0      0x3d0 ./Drivers/STM32F1xx_HAL_Driver/Src/stm32f1xx_hal_tim.o
 .debug_aranges
                0x0000000000000db0      0x168 ./Drivers/STM32F1xx_HAL_Driver/Src/stm32f1xx_hal_tim_ex.o

.debug_ranges   0x0000000000000000      0xe18
 .debug_ranges  0x0000000000000000       0x18 ./Core/Src/PID.o
 .debug_ranges  0x0000000000000018       0x20 ./Core/Src/can.o
 .debug_ranges  0x0000000000000038       0x10 ./Core/Src/gpio.o
 .debug_ranges  0x0000000000000048       0x20 ./Core/Src/i2c.o
 .debug_ranges  0x0000000000000068       0xc0 ./Core/Src/main.o
 .debug_ranges  0x0000000000000128       0x68 ./Core/Src/pca9685.o
 .debug_ranges  0x0000000000000190       0x10 ./Core/Src/stm32f1xx_hal_msp.o
 .debug_ranges  0x00000000000001a0       0x80 ./Core/Src/stm32f1xx_it.o
 .debug_ranges  0x0000000000000220       0x18 ./Core/Src/system_stm32f1xx.o
 .debug_ranges  0x0000000000000238       0x40 ./Core/Src/tim.o
 .debug_ranges  0x0000000000000278       0x20 ./Core/Startup/startup_stm32f103c8tx.o
 .debug_ranges  0x0000000000000298       0xd0 ./Drivers/STM32F1xx_HAL_Driver/Src/stm32f1xx_hal.o
 .debug_ranges  0x0000000000000368      0x128 ./Drivers/STM32F1xx_HAL_Driver/Src/stm32f1xx_hal_can.o
 .debug_ranges  0x0000000000000490       0xf0 ./Drivers/STM32F1xx_HAL_Driver/Src/stm32f1xx_hal_cortex.o
 .debug_ranges  0x0000000000000580       0x48 ./Drivers/STM32F1xx_HAL_Driver/Src/stm32f1xx_hal_gpio.o
 .debug_ranges  0x00000000000005c8      0x2b8 ./Drivers/STM32F1xx_HAL_Driver/Src/stm32f1xx_hal_i2c.o
 .debug_ranges  0x0000000000000880       0x80 ./Drivers/STM32F1xx_HAL_Driver/Src/stm32f1xx_hal_rcc.o
 .debug_ranges  0x0000000000000900      0x3c0 ./Drivers/STM32F1xx_HAL_Driver/Src/stm32f1xx_hal_tim.o
 .debug_ranges  0x0000000000000cc0      0x158 ./Drivers/STM32F1xx_HAL_Driver/Src/stm32f1xx_hal_tim_ex.o

.debug_macro    0x0000000000000000    0x184e1
 .debug_macro   0x0000000000000000       0x1b ./Core/Src/PID.o
 .debug_macro   0x000000000000001b      0xa6c ./Core/Src/PID.o
 .debug_macro   0x0000000000000a87      0x1c6 ./Core/Src/can.o
 .debug_macro   0x0000000000000c4d      0x221 ./Core/Src/can.o
 .debug_macro   0x0000000000000e6e       0x2e ./Core/Src/can.o
 .debug_macro   0x0000000000000e9c       0x22 ./Core/Src/can.o
 .debug_macro   0x0000000000000ebe       0x22 ./Core/Src/can.o
 .debug_macro   0x0000000000000ee0       0x8e ./Core/Src/can.o
 .debug_macro   0x0000000000000f6e       0x51 ./Core/Src/can.o
 .debug_macro   0x0000000000000fbf      0x103 ./Core/Src/can.o
 .debug_macro   0x00000000000010c2       0x6a ./Core/Src/can.o
 .debug_macro   0x000000000000112c      0x1df ./Core/Src/can.o
 .debug_macro   0x000000000000130b       0x1c ./Core/Src/can.o
 .debug_macro   0x0000000000001327       0x22 ./Core/Src/can.o
 .debug_macro   0x0000000000001349       0xbd ./Core/Src/can.o
 .debug_macro   0x0000000000001406      0xd23 ./Core/Src/can.o
 .debug_macro   0x0000000000002129     0xe09e ./Core/Src/can.o
 .debug_macro   0x00000000000101c7       0x6d ./Core/Src/can.o
 .debug_macro   0x0000000000010234     0x3468 ./Core/Src/can.o
 .debug_macro   0x000000000001369c      0x174 ./Core/Src/can.o
 .debug_macro   0x0000000000013810       0x5c ./Core/Src/can.o
 .debug_macro   0x000000000001386c      0x5be ./Core/Src/can.o
 .debug_macro   0x0000000000013e2a      0x289 ./Core/Src/can.o
 .debug_macro   0x00000000000140b3      0x1cb ./Core/Src/can.o
 .debug_macro   0x000000000001427e      0x114 ./Core/Src/can.o
 .debug_macro   0x0000000000014392      0x1b2 ./Core/Src/can.o
 .debug_macro   0x0000000000014544       0x27 ./Core/Src/can.o
 .debug_macro   0x000000000001456b      0x136 ./Core/Src/can.o
 .debug_macro   0x00000000000146a1      0x1bc ./Core/Src/can.o
 .debug_macro   0x000000000001485d       0x34 ./Core/Src/can.o
 .debug_macro   0x0000000000014891       0x3c ./Core/Src/can.o
 .debug_macro   0x00000000000148cd      0x408 ./Core/Src/can.o
 .debug_macro   0x0000000000014cd5       0x57 ./Core/Src/can.o
 .debug_macro   0x0000000000014d2c       0x88 ./Core/Src/can.o
 .debug_macro   0x0000000000014db4      0x241 ./Core/Src/can.o
 .debug_macro   0x0000000000014ff5      0x287 ./Core/Src/can.o
 .debug_macro   0x000000000001527c      0x141 ./Core/Src/can.o
 .debug_macro   0x00000000000153bd      0x8d1 ./Core/Src/can.o
 .debug_macro   0x0000000000015c8e       0x83 ./Core/Src/can.o
 .debug_macro   0x0000000000015d11       0xa0 ./Core/Src/can.o
 .debug_macro   0x0000000000015db1      0x1c6 ./Core/Src/gpio.o
 .debug_macro   0x0000000000015f77      0x1c6 ./Core/Src/i2c.o
 .debug_macro   0x000000000001613d      0x2dc ./Core/Src/main.o
 .debug_macro   0x0000000000016419       0x52 ./Core/Src/main.o
 .debug_macro   0x000000000001646b       0x18 ./Core/Src/main.o
 .debug_macro   0x0000000000016483       0x3c ./Core/Src/main.o
 .debug_macro   0x00000000000164bf       0x34 ./Core/Src/main.o
 .debug_macro   0x00000000000164f3       0x16 ./Core/Src/main.o
 .debug_macro   0x0000000000016509       0x43 ./Core/Src/main.o
 .debug_macro   0x000000000001654c       0x34 ./Core/Src/main.o
 .debug_macro   0x0000000000016580       0x10 ./Core/Src/main.o
 .debug_macro   0x0000000000016590       0x58 ./Core/Src/main.o
 .debug_macro   0x00000000000165e8       0x71 ./Core/Src/main.o
 .debug_macro   0x0000000000016659       0x1c ./Core/Src/main.o
 .debug_macro   0x0000000000016675      0x12a ./Core/Src/main.o
 .debug_macro   0x000000000001679f      0x341 ./Core/Src/main.o
 .debug_macro   0x0000000000016ae0      0x19b ./Core/Src/main.o
 .debug_macro   0x0000000000016c7b       0x9a ./Core/Src/main.o
 .debug_macro   0x0000000000016d15      0x27e ./Core/Src/pca9685.o
 .debug_macro   0x0000000000016f93      0x1bc ./Core/Src/stm32f1xx_hal_msp.o
 .debug_macro   0x000000000001714f      0x1c6 ./Core/Src/stm32f1xx_it.o
 .debug_macro   0x0000000000017315      0x1ad ./Core/Src/system_stm32f1xx.o
 .debug_macro   0x00000000000174c2      0x1c6 ./Core/Src/tim.o
 .debug_macro   0x0000000000017688      0x1d1 ./Drivers/STM32F1xx_HAL_Driver/Src/stm32f1xx_hal.o
 .debug_macro   0x0000000000017859      0x1b5 ./Drivers/STM32F1xx_HAL_Driver/Src/stm32f1xx_hal_can.o
 .debug_macro   0x0000000000017a0e      0x1ad ./Drivers/STM32F1xx_HAL_Driver/Src/stm32f1xx_hal_cortex.o
 .debug_macro   0x0000000000017bbb      0x218 ./Drivers/STM32F1xx_HAL_Driver/Src/stm32f1xx_hal_gpio.o
 .debug_macro   0x0000000000017dd3      0x1f4 ./Drivers/STM32F1xx_HAL_Driver/Src/stm32f1xx_hal_i2c.o
 .debug_macro   0x0000000000017fc7      0x1bf ./Drivers/STM32F1xx_HAL_Driver/Src/stm32f1xx_hal_rcc.o
 .debug_macro   0x0000000000018186      0x1ae ./Drivers/STM32F1xx_HAL_Driver/Src/stm32f1xx_hal_tim.o
 .debug_macro   0x0000000000018334      0x1ad ./Drivers/STM32F1xx_HAL_Driver/Src/stm32f1xx_hal_tim_ex.o

.debug_line     0x0000000000000000    0x10c83
 .debug_line    0x0000000000000000      0x155 ./Core/Src/PID.o
 .debug_line    0x0000000000000155      0x6fc ./Core/Src/can.o
 .debug_line    0x0000000000000851      0x69d ./Core/Src/gpio.o
 .debug_line    0x0000000000000eee      0x6c9 ./Core/Src/i2c.o
 .debug_line    0x00000000000015b7      0xe9b ./Core/Src/main.o
 .debug_line    0x0000000000002452      0x968 ./Core/Src/pca9685.o
 .debug_line    0x0000000000002dba      0x664 ./Core/Src/stm32f1xx_hal_msp.o
 .debug_line    0x000000000000341e      0x7b8 ./Core/Src/stm32f1xx_it.o
 .debug_line    0x0000000000003bd6      0x6e2 ./Core/Src/system_stm32f1xx.o
 .debug_line    0x00000000000042b8      0x8d6 ./Core/Src/tim.o
 .debug_line    0x0000000000004b8e       0x87 ./Core/Startup/startup_stm32f103c8tx.o
 .debug_line    0x0000000000004c15      0x90f ./Drivers/STM32F1xx_HAL_Driver/Src/stm32f1xx_hal.o
 .debug_line    0x0000000000005524     0x10b0 ./Drivers/STM32F1xx_HAL_Driver/Src/stm32f1xx_hal_can.o
 .debug_line    0x00000000000065d4      0xaf7 ./Drivers/STM32F1xx_HAL_Driver/Src/stm32f1xx_hal_cortex.o
 .debug_line    0x00000000000070cb      0x9a6 ./Drivers/STM32F1xx_HAL_Driver/Src/stm32f1xx_hal_gpio.o
 .debug_line    0x0000000000007a71     0x39f9 ./Drivers/STM32F1xx_HAL_Driver/Src/stm32f1xx_hal_i2c.o
 .debug_line    0x000000000000b46a      0xd1d ./Drivers/STM32F1xx_HAL_Driver/Src/stm32f1xx_hal_rcc.o
 .debug_line    0x000000000000c187     0x32c5 ./Drivers/STM32F1xx_HAL_Driver/Src/stm32f1xx_hal_tim.o
 .debug_line    0x000000000000f44c     0x1837 ./Drivers/STM32F1xx_HAL_Driver/Src/stm32f1xx_hal_tim_ex.o

.debug_str      0x0000000000000000    0x8ce07
 .debug_str     0x0000000000000000     0x2d4c ./Core/Src/PID.o
                                       0x2d59 (size before relaxing)
 .debug_str     0x0000000000002d4c    0x82a60 ./Core/Src/can.o
                                      0x85b0d (size before relaxing)
 .debug_str     0x00000000000857ac       0x68 ./Core/Src/gpio.o
                                      0x85741 (size before relaxing)
 .debug_str     0x0000000000085814      0x444 ./Core/Src/i2c.o
                                      0x858f4 (size before relaxing)
 .debug_str     0x0000000000085c58     0x4045 ./Core/Src/main.o
                                      0x89c7f (size before relaxing)
 .debug_str     0x0000000000089c9d      0x1c2 ./Core/Src/pca9685.o
                                      0x891e3 (size before relaxing)
 .debug_str     0x0000000000089e5f       0x50 ./Core/Src/stm32f1xx_hal_msp.o
                                      0x853c2 (size before relaxing)
 .debug_str     0x0000000000089eaf      0x172 ./Core/Src/stm32f1xx_it.o
                                      0x85bd4 (size before relaxing)
 .debug_str     0x000000000008a021       0x7e ./Core/Src/system_stm32f1xx.o
                                      0x8517b (size before relaxing)
 .debug_str     0x000000000008a09f      0x1f0 ./Core/Src/tim.o
                                      0x85e5d (size before relaxing)
 .debug_str     0x000000000008a28f       0x36 ./Core/Startup/startup_stm32f103c8tx.o
                                         0x76 (size before relaxing)
 .debug_str     0x000000000008a2c5      0x378 ./Drivers/STM32F1xx_HAL_Driver/Src/stm32f1xx_hal.o
                                      0x858ae (size before relaxing)
 .debug_str     0x000000000008a63d      0x3e8 ./Drivers/STM32F1xx_HAL_Driver/Src/stm32f1xx_hal_can.o
                                      0x8597b (size before relaxing)
 .debug_str     0x000000000008aa25      0x26c ./Drivers/STM32F1xx_HAL_Driver/Src/stm32f1xx_hal_cortex.o
                                      0x857fa (size before relaxing)
 .debug_str     0x000000000008ac91      0x289 ./Drivers/STM32F1xx_HAL_Driver/Src/stm32f1xx_hal_gpio.o
                                      0x85501 (size before relaxing)
 .debug_str     0x000000000008af1a      0xb41 ./Drivers/STM32F1xx_HAL_Driver/Src/stm32f1xx_hal_i2c.o
                                      0x861ef (size before relaxing)
 .debug_str     0x000000000008ba5b      0x209 ./Drivers/STM32F1xx_HAL_Driver/Src/stm32f1xx_hal_rcc.o
                                      0x855aa (size before relaxing)
 .debug_str     0x000000000008bc64      0xd10 ./Drivers/STM32F1xx_HAL_Driver/Src/stm32f1xx_hal_tim.o
                                      0x86595 (size before relaxing)
 .debug_str     0x000000000008c974      0x493 ./Drivers/STM32F1xx_HAL_Driver/Src/stm32f1xx_hal_tim_ex.o
                                      0x85db1 (size before relaxing)

.comment        0x0000000000000000       0x50
 .comment       0x0000000000000000       0x50 ./Core/Src/PID.o
                                         0x51 (size before relaxing)
 .comment       0x0000000000000050       0x51 ./Core/Src/can.o
 .comment       0x0000000000000050       0x51 ./Core/Src/gpio.o
 .comment       0x0000000000000050       0x51 ./Core/Src/i2c.o
 .comment       0x0000000000000050       0x51 ./Core/Src/main.o
 .comment       0x0000000000000050       0x51 ./Core/Src/pca9685.o
 .comment       0x0000000000000050       0x51 ./Core/Src/stm32f1xx_hal_msp.o
 .comment       0x0000000000000050       0x51 ./Core/Src/stm32f1xx_it.o
 .comment       0x0000000000000050       0x51 ./Core/Src/system_stm32f1xx.o
 .comment       0x0000000000000050       0x51 ./Core/Src/tim.o
 .comment       0x0000000000000050       0x51 ./Drivers/STM32F1xx_HAL_Driver/Src/stm32f1xx_hal.o
 .comment       0x0000000000000050       0x51 ./Drivers/STM32F1xx_HAL_Driver/Src/stm32f1xx_hal_can.o
 .comment       0x0000000000000050       0x51 ./Drivers/STM32F1xx_HAL_Driver/Src/stm32f1xx_hal_cortex.o
 .comment       0x0000000000000050       0x51 ./Drivers/STM32F1xx_HAL_Driver/Src/stm32f1xx_hal_gpio.o
 .comment       0x0000000000000050       0x51 ./Drivers/STM32F1xx_HAL_Driver/Src/stm32f1xx_hal_i2c.o
 .comment       0x0000000000000050       0x51 ./Drivers/STM32F1xx_HAL_Driver/Src/stm32f1xx_hal_rcc.o
 .comment       0x0000000000000050       0x51 ./Drivers/STM32F1xx_HAL_Driver/Src/stm32f1xx_hal_tim.o
 .comment       0x0000000000000050       0x51 ./Drivers/STM32F1xx_HAL_Driver/Src/stm32f1xx_hal_tim_ex.o

.debug_frame    0x0000000000000000     0x4274
 .debug_frame   0x0000000000000000       0x64 ./Core/Src/PID.o
 .debug_frame   0x0000000000000064       0x7c ./Core/Src/can.o
 .debug_frame   0x00000000000000e0       0x34 ./Core/Src/gpio.o
 .debug_frame   0x0000000000000114       0x74 ./Core/Src/i2c.o
 .debug_frame   0x0000000000000188      0x304 ./Core/Src/main.o
 .debug_frame   0x000000000000048c      0x1c8 ./Core/Src/pca9685.o
 .debug_frame   0x0000000000000654       0x38 ./Core/Src/stm32f1xx_hal_msp.o
 .debug_frame   0x000000000000068c      0x1ac ./Core/Src/stm32f1xx_it.o
 .debug_frame   0x0000000000000838       0x58 ./Core/Src/system_stm32f1xx.o
 .debug_frame   0x0000000000000890      0x10c ./Core/Src/tim.o
 .debug_frame   0x000000000000099c      0x334 ./Drivers/STM32F1xx_HAL_Driver/Src/stm32f1xx_hal.o
 .debug_frame   0x0000000000000cd0      0x5a0 ./Drivers/STM32F1xx_HAL_Driver/Src/stm32f1xx_hal_can.o
 .debug_frame   0x0000000000001270      0x428 ./Drivers/STM32F1xx_HAL_Driver/Src/stm32f1xx_hal_cortex.o
 .debug_frame   0x0000000000001698      0x14c ./Drivers/STM32F1xx_HAL_Driver/Src/stm32f1xx_hal_gpio.o
 .debug_frame   0x00000000000017e4      0xc5c ./Drivers/STM32F1xx_HAL_Driver/Src/stm32f1xx_hal_i2c.o
 .debug_frame   0x0000000000002440      0x21c ./Drivers/STM32F1xx_HAL_Driver/Src/stm32f1xx_hal_rcc.o
 .debug_frame   0x000000000000265c     0x11b8 ./Drivers/STM32F1xx_HAL_Driver/Src/stm32f1xx_hal_tim.o
 .debug_frame   0x0000000000003814      0x638 ./Drivers/STM32F1xx_HAL_Driver/Src/stm32f1xx_hal_tim_ex.o
 .debug_frame   0x0000000000003e4c       0x2c /opt/st/stm32cubeide_1.10.1/plugins/com.st.stm32cube.ide.mcu.externaltools.gnu-tools-for-stm32.10.3-2021.10.linux64_1.0.0.202111181127/tools/bin/../lib/gcc/arm-none-eabi/10.3.1/../../../../arm-none-eabi/lib/thumb/v7-m/nofp/libc_nano.a(lib_a-init.o)
 .debug_frame   0x0000000000003e78       0x20 /opt/st/stm32cubeide_1.10.1/plugins/com.st.stm32cube.ide.mcu.externaltools.gnu-tools-for-stm32.10.3-2021.10.linux64_1.0.0.202111181127/tools/bin/../lib/gcc/arm-none-eabi/10.3.1/../../../../arm-none-eabi/lib/thumb/v7-m/nofp/libc_nano.a(lib_a-memset.o)
 .debug_frame   0x0000000000003e98       0x34 /opt/st/stm32cubeide_1.10.1/plugins/com.st.stm32cube.ide.mcu.externaltools.gnu-tools-for-stm32.10.3-2021.10.linux64_1.0.0.202111181127/tools/bin/../lib/gcc/arm-none-eabi/10.3.1/../../../../arm-none-eabi/lib/thumb/v7-m/nofp/libm.a(lib_a-s_floor.o)
 .debug_frame   0x0000000000003ecc       0x30 /opt/st/stm32cubeide_1.10.1/plugins/com.st.stm32cube.ide.mcu.externaltools.gnu-tools-for-stm32.10.3-2021.10.linux64_1.0.0.202111181127/tools/bin/../lib/gcc/arm-none-eabi/10.3.1/../../../../arm-none-eabi/lib/thumb/v7-m/nofp/libm.a(lib_a-s_round.o)
 .debug_frame   0x0000000000003efc       0xac /opt/st/stm32cubeide_1.10.1/plugins/com.st.stm32cube.ide.mcu.externaltools.gnu-tools-for-stm32.10.3-2021.10.linux64_1.0.0.202111181127/tools/bin/../lib/gcc/arm-none-eabi/10.3.1/thumb/v7-m/nofp/libgcc.a(_arm_addsubdf3.o)
 .debug_frame   0x0000000000003fa8       0x50 /opt/st/stm32cubeide_1.10.1/plugins/com.st.stm32cube.ide.mcu.externaltools.gnu-tools-for-stm32.10.3-2021.10.linux64_1.0.0.202111181127/tools/bin/../lib/gcc/arm-none-eabi/10.3.1/thumb/v7-m/nofp/libgcc.a(_arm_muldivdf3.o)
 .debug_frame   0x0000000000003ff8       0xc4 /opt/st/stm32cubeide_1.10.1/plugins/com.st.stm32cube.ide.mcu.externaltools.gnu-tools-for-stm32.10.3-2021.10.linux64_1.0.0.202111181127/tools/bin/../lib/gcc/arm-none-eabi/10.3.1/thumb/v7-m/nofp/libgcc.a(_arm_cmpdf2.o)
 .debug_frame   0x00000000000040bc       0x24 /opt/st/stm32cubeide_1.10.1/plugins/com.st.stm32cube.ide.mcu.externaltools.gnu-tools-for-stm32.10.3-2021.10.linux64_1.0.0.202111181127/tools/bin/../lib/gcc/arm-none-eabi/10.3.1/thumb/v7-m/nofp/libgcc.a(_arm_fixunsdfsi.o)
 .debug_frame   0x00000000000040e0       0x24 /opt/st/stm32cubeide_1.10.1/plugins/com.st.stm32cube.ide.mcu.externaltools.gnu-tools-for-stm32.10.3-2021.10.linux64_1.0.0.202111181127/tools/bin/../lib/gcc/arm-none-eabi/10.3.1/thumb/v7-m/nofp/libgcc.a(_arm_truncdfsf2.o)
 .debug_frame   0x0000000000004104       0x4c /opt/st/stm32cubeide_1.10.1/plugins/com.st.stm32cube.ide.mcu.externaltools.gnu-tools-for-stm32.10.3-2021.10.linux64_1.0.0.202111181127/tools/bin/../lib/gcc/arm-none-eabi/10.3.1/thumb/v7-m/nofp/libgcc.a(_arm_addsubsf3.o)
 .debug_frame   0x0000000000004150       0x38 /opt/st/stm32cubeide_1.10.1/plugins/com.st.stm32cube.ide.mcu.externaltools.gnu-tools-for-stm32.10.3-2021.10.linux64_1.0.0.202111181127/tools/bin/../lib/gcc/arm-none-eabi/10.3.1/thumb/v7-m/nofp/libgcc.a(_arm_muldivsf3.o)
 .debug_frame   0x0000000000004188       0xc8 /opt/st/stm32cubeide_1.10.1/plugins/com.st.stm32cube.ide.mcu.externaltools.gnu-tools-for-stm32.10.3-2021.10.linux64_1.0.0.202111181127/tools/bin/../lib/gcc/arm-none-eabi/10.3.1/thumb/v7-m/nofp/libgcc.a(_arm_cmpsf2.o)
 .debug_frame   0x0000000000004250       0x24 /opt/st/stm32cubeide_1.10.1/plugins/com.st.stm32cube.ide.mcu.externaltools.gnu-tools-for-stm32.10.3-2021.10.linux64_1.0.0.202111181127/tools/bin/../lib/gcc/arm-none-eabi/10.3.1/thumb/v7-m/nofp/libgcc.a(_arm_fixunssfsi.o)
